2026-06-03 15:55:56 | INFO     | Starting NullState HNOCA Pilot
2026-06-03 15:55:56 | INFO     | 
2026-06-03 15:55:56 | INFO     | ############################################################
2026-06-03 15:55:56 | INFO     | # STEP 2: scANVI Mapping and Classification
2026-06-03 15:55:56 | INFO     | ############################################################
2026-06-03 15:55:57 | INFO     | GPU detected: NVIDIA H100 80GB HBM3
2026-06-03 15:55:57 | INFO     | VRAM: 85.02 GB
2026-06-03 15:55:57 | INFO     | Set float32 matmul precision to 'highest' (strict FP32, TF32 disabled to prevent ZINB underflow)
2026-06-03 16:01:16 | INFO     | Filtering for top 4000 Highly Variable Genes (HVGs)...
/workspace/NullState/src/mapping/train_scanvi.py:351: UserWarning: `flavor='seurat_v3'` expects raw count data, but non-integers were found.
  sc.pp.highly_variable_genes(ref, n_top_genes=4000, flavor="seurat_v3", subset=True)
2026-06-03 16:03:41 | INFO     | Reference shape after HVG filtering: (1901093, 4000)
2026-06-03 16:03:41 | INFO     | SCVI already trained ({'epochs': 400, 'final_elbo': 552.2467041015625, 'elapsed_min': 125.8, 'model_dir': 'results/pilot/reference_model/scvi_model'}). Loading saved model...
/workspace/nullstate_env/lib/python3.12/site-packages/scvi/data/fields/_base_field.py:63: UserWarning: adata.X does not contain unnormalized count data. Are you sure this is what you want?
  self.validate_field(adata)
/workspace/nullstate_env/lib/python3.12/site-packages/lightning/fabric/plugins/environments/slurm.py:204: The `srun` command is available on your system but is not used. HINT: If your intention is to run Lightning on SLURM, prepend your python command with `srun` like so: srun python scripts/run_pilot.py --skip-to-step 2 --config-dir c ...
[34mINFO    [0m File results/pilot/reference_model/scvi_model/model.pt already         
         downloaded                                                             
2026-06-03 16:03:43 | INFO     | SCANVI already trained ({'epochs': 200, 'final_elbo': 564.308837890625, 'elapsed_min': 130.0}). Loading saved model...
/workspace/nullstate_env/lib/python3.12/site-packages/lightning/fabric/plugins/environments/slurm.py:204: The `srun` command is available on your system but is not used. HINT: If your intention is to run Lightning on SLURM, prepend your python command with `srun` like so: srun python scripts/run_pilot.py --skip-to-step 2 --config-dir c ...
[34mINFO    [0m File results/pilot/reference_model/ref_scanvi/model.pt already         
         downloaded                                                             
2026-06-03 16:03:45 | INFO     | Loading query from data/hnoca.h5ad...
2026-06-03 16:10:25 | INFO     | Remapped query var_names to Ensembl IDs (dropped 0 without an Ensembl ID, 0 duplicates; 36842 genes remain).
2026-06-03 16:10:27 | WARNING  | Query missing 'donor_id'; using 'bio_sample' as the query batch (303 levels).
2026-06-03 16:10:46 | INFO     | Using query.layers['counts_lengthnorm'] (integer counts) as raw counts for scVI mapping.
2026-06-03 16:10:46 | INFO     | Subsetting query to match reference HVGs...
2026-06-03 16:11:02 | INFO     | Checking for dead genes (0 expression) to prevent NaN variance explosions...
2026-06-03 16:11:02 | WARNING  | Found 37 dead genes. Injecting a single pseudo-count to stabilize PyTorch variance estimators...
2026-06-03 16:11:25 | INFO     | Filtered query to cells with >= 50 counts across HVGs: 1770578 -> 1602575 (9.5% dropped).
2026-06-03 16:11:25 | INFO     | Preparing query data for scArches surgery...
[34mINFO    [0m Found [1;36m73.8[0m% reference vars in query data.                              
/workspace/nullstate_env/lib/python3.12/site-packages/scvi/model/base/_archesmixin.py:322: UserWarning: Query data contains less than 80% of reference var names. This may result in poor performance.
  return _pad_and_sort_query_anndata(adata, var_names, inplace)
2026-06-03 16:11:49 | INFO     | Loading query data into SCANVI model...
/workspace/nullstate_env/lib/python3.12/site-packages/lightning/fabric/plugins/environments/slurm.py:204: The `srun` command is available on your system but is not used. HINT: If your intention is to run Lightning on SLURM, prepend your python command with `srun` like so: srun python scripts/run_pilot.py --skip-to-step 2 --config-dir c ...
2026-06-03 16:11:51 | INFO     | Training scArches model (max_epochs=0, weight_decay=0.0)...
[34mINFO    [0m Training for [1;36m0[0m epochs.                                                 
/workspace/nullstate_env/lib/python3.12/site-packages/lightning/fabric/plugins/environments/slurm.py:204: The `srun` command is available on your system but is not used. HINT: If your intention is to run Lightning on SLURM, prepend your python command with `srun` like so: srun python scripts/run_pilot.py --skip-to-step 2 --config-dir c ...
GPU available: True (cuda), used: True
TPU available: False, using: 0 TPU cores
💡 Tip: For seamless cloud logging and experiment tracking, try installing [litlogger](https://pypi.org/project/litlogger/) to enable LitLogger, which logs metrics and artifacts automatically to the Lightning Experiments platform.
/workspace/nullstate_env/lib/python3.12/site-packages/lightning/fabric/plugins/environments/slurm.py:204: The `srun` command is available on your system but is not used. HINT: If your intention is to run Lightning on SLURM, prepend your python command with `srun` like so: srun python scripts/run_pilot.py --skip-to-step 2 --config-dir c ...
You are using a CUDA device ('NVIDIA H100 80GB HBM3') that has Tensor Cores. To properly utilize them, you should set `torch.set_float32_matmul_precision('medium' | 'high')` which will trade-off precision for performance. For more details, read https://pytorch.org/docs/stable/generated/torch.set_float32_matmul_precision.html#torch.set_float32_matmul_precision
LOCAL_RANK: 0 - CUDA_VISIBLE_DEVICES: [0]
/workspace/nullstate_env/lib/python3.12/site-packages/lightning/pytorch/utilities/_pytree.py:21: `isinstance(treespec, LeafSpec)` is deprecated, use `isinstance(treespec, TreeSpec) and treespec.is_leaf()` instead.
`Trainer.fit` stopped: `max_epochs=0` reached.
2026-06-03 16:12:00 | INFO     | scArches training complete in 0.2 min. Final ELBO: 0.00
2026-06-03 16:12:00 | INFO     | Progress saved: scarches -> {'epochs': 0, 'final_elbo': 0.0, 'elapsed_min': 0.2}
2026-06-03 16:12:00 | INFO     | Saving model to results/pilot/reference_model/query_scanvi
2026-06-03 16:12:00 | INFO     | === Full training pipeline complete ===
2026-06-03 16:12:08 | INFO     | [Integration QC] evaluating 20000 cells (50 batches)...
/usr/lib/python3.12/functools.py:909: UserWarning: zero-centering a sparse array/matrix densifies it.
  return dispatch(args[0].__class__)(*args, **kw)
2026-06-03 16:12:53 | INFO     | [Integration QC] batch iLISI integrated=8.04 vs pca=5.94 (higher=better mixing; max possible=50)
2026-06-03 16:12:53 | INFO     | [Integration QC] label cLISI integrated=1.44 vs pca=1.39 (~1 = cell types stay separable)
2026-06-03 16:12:53 | INFO     | [Integration QC] VERDICT: mixing_improved=True, bio_preserved=True
2026-06-03 16:12:53 | INFO     | [Integration QC] saved -> results/pilot/integration_qc.json
2026-06-03 16:18:02 | INFO     | Calibrating thresholds using 10.0% of reference cells...
2026-06-03 16:18:02 | INFO     | Predicting soft labels for query...
[34mINFO    [0m AnnData object appears to be a copy. Attempting to transfer setup.     
/workspace/nullstate_env/lib/python3.12/site-packages/scvi/data/fields/_base_field.py:63: UserWarning: adata.X does not contain unnormalized count data. Are you sure this is what you want?
  self.validate_field(adata)
/workspace/nullstate_env/lib/python3.12/site-packages/scvi/data/fields/_dataframe_field.py:227: UserWarning: Category 18 in adata.obs['_scvi_batch'] has fewer than 3 cells. Models may not train properly.
  new_mapping = _make_column_categorical(
/workspace/nullstate_env/lib/python3.12/site-packages/scvi/data/fields/_dataframe_field.py:227: UserWarning: Category 9 in adata.obs['_scvi_labels'] has fewer than 3 cells. Models may not train properly.
  new_mapping = _make_column_categorical(
/workspace/nullstate_env/lib/python3.12/site-packages/scvi/data/fields/_scanvi.py:56: UserWarning: Category 9 in adata.obs['_scvi_labels'] has fewer than 3 cells. Models may not train properly.
  mapping = _make_column_categorical(
2026-06-03 16:18:10 | INFO     | Computing Shannon entropy...
2026-06-03 16:18:42 | INFO     | Extracting latent representations...
2026-06-03 16:19:25 | INFO     | Fitting NearestNeighbors (k=15) on reference latent...
2026-06-03 16:19:25 | INFO     | Calculating distances for query...
2026-06-03 16:20:39 | INFO     | Calibrated tau_H (entropy): 1.2415
2026-06-03 16:20:39 | INFO     | Calibrated tau_R (off-manifold): 1.7810
2026-06-03 16:20:39 | INFO     | Predicting soft labels for query...
2026-06-03 16:21:13 | INFO     | Computing Shannon entropy...
2026-06-03 16:25:40 | INFO     | Extracting latent representations...
2026-06-03 16:26:46 | INFO     | Fitting NearestNeighbors (k=15) on reference latent...
2026-06-03 16:26:46 | INFO     | Calculating distances for query...
2026-06-03 16:37:01 | INFO     | Annotating query AnnData...
2026-06-03 16:37:06 | INFO     | [Label confidence] most-uncertain predicted types (high entropy = guessing):
2026-06-03 16:37:06 | INFO     |    megakaryocyte: n=1 mean_H=2.513 top_prob=0.18
2026-06-03 16:37:06 | INFO     |    neuroplacodal cell: n=2 mean_H=2.295 top_prob=0.26
2026-06-03 16:37:06 | INFO     |    glial cell: n=68 mean_H=1.995 top_prob=0.30
2026-06-03 16:37:06 | INFO     |    Schwann cell: n=2 mean_H=1.926 top_prob=0.33
2026-06-03 16:37:06 | INFO     |    myeloid cell: n=151 mean_H=1.873 top_prob=0.37
2026-06-03 16:37:06 | INFO     |    erythroblast: n=807 mean_H=1.863 top_prob=0.37
2026-06-03 16:37:06 | INFO     |    neural crest cell: n=47 mean_H=1.826 top_prob=0.33
2026-06-03 16:37:06 | INFO     |    erythrocyte: n=15 mean_H=1.652 top_prob=0.39
2026-06-03 16:37:06 | INFO     | [Label confidence] saved -> results/pilot/label_confidence.csv
2026-06-03 16:37:06 | INFO     | Classifying all query cells...
2026-06-03 16:37:19 | INFO     | Class distribution:
2026-06-03 16:37:19 | INFO     |   ambiguous_novel: 667210 (37.7%)
2026-06-03 16:37:19 | INFO     |   clean_ontarget: 446959 (25.2%)
2026-06-03 16:37:19 | INFO     |   true_offtarget: 315273 (17.8%)
2026-06-03 16:37:19 | INFO     |   unmapped: 168003 (9.5%)
2026-06-03 16:37:19 | INFO     |   poorly_diff_ontarget: 109643 (6.2%)
2026-06-03 16:37:19 | INFO     |   ambiguous: 62761 (3.5%)
2026-06-03 16:37:19 | INFO     |   other: 729 (0.0%)
... storing 'pred_label' as categorical
... storing 'pred_origin' as categorical
... storing 'pilot_class' as categorical
2026-06-03 16:58:12 | INFO     | # END STEP 2
2026-06-03 16:58:12 | INFO     | ############################################################

2026-06-03 16:58:12 | INFO     | 
2026-06-03 16:58:12 | INFO     | ############################################################
2026-06-03 16:58:12 | INFO     | # STEP 3: Dish-Vector Test (GO/NO-GO)
2026-06-03 16:58:12 | INFO     | ############################################################
