2026-06-01 13:45:30 | INFO     | Starting NullState HNOCA Pilot
2026-06-01 13:45:30 | INFO     | 
2026-06-01 13:45:30 | INFO     | ############################################################
2026-06-01 13:45:30 | INFO     | # STEP 1: Reference Construction
2026-06-01 13:45:30 | INFO     | ############################################################
2026-06-01 13:45:30 | INFO     | Loading HDBCA from data/hdbca.h5ad
2026-06-01 13:45:36 | INFO     | Loading fetal atlas from data/cao_fetal.h5ad
2026-06-01 13:45:55 | INFO     | Subset fetal atlas to 235156 cells matching lineages.
2026-06-01 13:45:55 | INFO     | HDBCA shape: (1665937, 58226), Fetal shape: (235156, 45676)
2026-06-01 13:45:55 | INFO     | Common genes for inner join: 44969
2026-06-01 13:53:56 | INFO     | Concatenating atlases...
2026-06-01 13:54:24 | INFO     | Applying origin map to assign developmental origins...
2026-06-01 13:54:25 | ERROR    | Found 25 cell types with no origin mapping. Examples: ['erythrocyte', 'glioblast', 'neuroblast (sensu Vertebrata)', 'neuroblast (sensu Nematoda and Protostomia)', 'radial glial cell']
Categories (34, object): ['Schwann cell', 'blood vessel endothelial cell', 'cardiac muscle cell',
                          'cell', ..., 'radial glial cell', 'smooth muscle cell',
                          'stromal cell', 'sympathetic neuron']
2026-06-01 13:54:25 | INFO     | Combined reference built: 1901093 cells, 44969 genes.
2026-06-01 13:54:25 | INFO     | Saving combined reference to results/pilot/reference.h5ad
2026-06-01 14:07:12 | INFO     | Save complete.
2026-06-01 14:07:12 | INFO     | # END STEP 1
2026-06-01 14:07:12 | INFO     | ############################################################

2026-06-01 14:07:12 | INFO     | 
2026-06-01 14:07:12 | INFO     | ############################################################
2026-06-01 14:07:12 | INFO     | # STEP 2: scANVI Mapping and Classification
2026-06-01 14:07:12 | INFO     | ############################################################
2026-06-01 14:14:49 | INFO     | Starting NullState HNOCA Pilot
2026-06-01 14:14:49 | INFO     | 
2026-06-01 14:14:49 | INFO     | ############################################################
2026-06-01 14:14:49 | INFO     | # STEP 2: scANVI Mapping and Classification
2026-06-01 14:14:49 | INFO     | ############################################################
2026-06-01 14:14:50 | INFO     | GPU detected: NVIDIA H100 80GB HBM3
2026-06-01 14:14:50 | INFO     | VRAM: 85.02 GB
2026-06-01 14:14:50 | INFO     | Set float32 matmul precision to 'medium' (TF32 enabled)
2026-06-01 14:14:50 | INFO     | Loading reference from results/pilot/reference.h5ad...
2026-06-01 14:17:45 | INFO     | Setting up AnnData for SCVI...
2026-06-01 14:17:45 | WARNING  | batch not found. Skipping batch correction for SCVI setup.
2026-06-01 14:17:45 | INFO     | Training SCVI (n_latent=30, max_epochs=400)...
2026-06-01 14:19:37 | INFO     | Starting NullState HNOCA Pilot
2026-06-01 14:19:37 | INFO     | 
2026-06-01 14:19:37 | INFO     | ############################################################
2026-06-01 14:19:37 | INFO     | # STEP 2: scANVI Mapping and Classification
2026-06-01 14:19:37 | INFO     | ############################################################
2026-06-01 14:19:37 | INFO     | GPU detected: NVIDIA H100 80GB HBM3
2026-06-01 14:19:37 | INFO     | VRAM: 85.02 GB
2026-06-01 14:19:37 | INFO     | Set float32 matmul precision to 'medium' (TF32 enabled)
2026-06-01 14:19:37 | INFO     | Loading reference from results/pilot/reference.h5ad...
2026-06-01 14:22:33 | INFO     | Setting up AnnData for SCVI...
2026-06-01 14:22:33 | WARNING  | batch not found. Skipping batch correction for SCVI setup.
2026-06-01 14:22:33 | INFO     | Training SCVI (n_latent=30, max_epochs=400)...
2026-06-01 14:32:25 | INFO     | Starting NullState HNOCA Pilot
2026-06-01 14:32:25 | INFO     | 
2026-06-01 14:32:25 | INFO     | ############################################################
2026-06-01 14:32:25 | INFO     | # STEP 2: scANVI Mapping and Classification
2026-06-01 14:32:25 | INFO     | ############################################################
2026-06-01 14:32:26 | INFO     | GPU detected: NVIDIA H100 80GB HBM3
2026-06-01 14:32:26 | INFO     | VRAM: 85.02 GB
2026-06-01 14:32:26 | INFO     | Set float32 matmul precision to 'medium' (TF32 enabled)
2026-06-01 14:32:26 | INFO     | Loading reference from results/pilot/reference.h5ad...
2026-06-01 14:35:23 | INFO     | Setting up AnnData for SCVI...
2026-06-01 14:35:23 | WARNING  | batch not found. Skipping batch correction for SCVI setup.
2026-06-01 14:35:24 | INFO     | Training SCVI (n_latent=30, max_epochs=400)...
2026-06-01 14:37:00 | INFO     | Starting NullState HNOCA Pilot
2026-06-01 14:37:00 | INFO     | 
2026-06-01 14:37:00 | INFO     | ############################################################
2026-06-01 14:37:00 | INFO     | # STEP 2: scANVI Mapping and Classification
2026-06-01 14:37:00 | INFO     | ############################################################
2026-06-01 14:37:00 | INFO     | GPU detected: NVIDIA H100 80GB HBM3
2026-06-01 14:37:00 | INFO     | VRAM: 85.02 GB
2026-06-01 14:37:00 | INFO     | Set float32 matmul precision to 'medium' (TF32 enabled)
2026-06-01 14:37:00 | INFO     | Loading reference from results/pilot/reference.h5ad...
2026-06-01 14:41:07 | INFO     | Setting up AnnData for SCVI...
2026-06-01 14:41:07 | WARNING  | batch not found. Skipping batch correction for SCVI setup.
2026-06-01 14:41:07 | INFO     | Training SCVI (n_latent=30, max_epochs=400)...
2026-06-01 14:53:31 | INFO     | Starting NullState HNOCA Pilot
2026-06-01 14:53:31 | INFO     | 
2026-06-01 14:53:31 | INFO     | ############################################################
2026-06-01 14:53:31 | INFO     | # STEP 2: scANVI Mapping and Classification
2026-06-01 14:53:31 | INFO     | ############################################################
2026-06-01 14:53:31 | INFO     | GPU detected: NVIDIA H100 80GB HBM3
2026-06-01 14:53:31 | INFO     | VRAM: 85.02 GB
2026-06-01 14:53:31 | INFO     | Set float32 matmul precision to 'medium' (TF32 enabled)
2026-06-01 14:53:31 | INFO     | Loading reference from results/pilot/reference.h5ad...
2026-06-01 14:56:31 | INFO     | Filtering for top 4000 Highly Variable Genes (HVGs)...
2026-06-01 14:58:35 | INFO     | Reference shape after HVG filtering: (1901093, 4000)
2026-06-01 14:58:35 | INFO     | Setting up AnnData for SCVI...
2026-06-01 14:58:35 | WARNING  | batch not found. Skipping batch correction for SCVI setup.
2026-06-01 14:58:36 | INFO     | Training SCVI (n_latent=30, max_epochs=400)...
2026-06-01 17:05:09 | INFO     | SCVI training complete in 126.6 min. Final ELBO: 557.50
2026-06-01 17:05:09 | INFO     | SCVI model saved to results/pilot/reference_model/scvi_model
2026-06-01 17:05:09 | INFO     | Progress saved: scvi -> {'epochs': 400, 'final_elbo': 557.5040893554688, 'elapsed_min': 126.6, 'model_dir': 'results/pilot/reference_model/scvi_model'}
2026-06-01 17:05:09 | INFO     | Upgrading to SCANVI using labels_key=cell_type...
2026-06-01 17:05:09 | INFO     | Training SCANVI (max_epochs=200)...
2026-06-01 20:16:13 | INFO     | Starting NullState HNOCA Pilot
2026-06-01 20:16:13 | INFO     | 
2026-06-01 20:16:13 | INFO     | ############################################################
2026-06-01 20:16:13 | INFO     | # STEP 2: scANVI Mapping and Classification
2026-06-01 20:16:13 | INFO     | ############################################################
2026-06-01 20:16:13 | INFO     | GPU detected: NVIDIA H100 80GB HBM3
2026-06-01 20:16:13 | INFO     | VRAM: 85.02 GB
2026-06-01 20:16:13 | INFO     | Set float32 matmul precision to 'medium' (TF32 enabled)
2026-06-01 20:16:13 | INFO     | SCVI already trained ({'epochs': 400, 'final_elbo': 557.5040893554688, 'elapsed_min': 126.6, 'model_dir': 'results/pilot/reference_model/scvi_model'}). Loading saved model...
2026-06-01 20:16:13 | INFO     | Loading reference from results/pilot/reference.h5ad for SCVI reload...
2026-06-02 09:26:24 | INFO     | Starting NullState HNOCA Pilot
2026-06-02 09:26:24 | INFO     | 
2026-06-02 09:26:24 | INFO     | ############################################################
2026-06-02 09:26:24 | INFO     | # STEP 2: scANVI Mapping and Classification
2026-06-02 09:26:24 | INFO     | ############################################################
2026-06-02 09:26:24 | INFO     | GPU detected: NVIDIA H100 80GB HBM3
2026-06-02 09:26:24 | INFO     | VRAM: 85.02 GB
2026-06-02 09:26:24 | INFO     | Set float32 matmul precision to 'medium' (TF32 enabled)
2026-06-02 09:26:24 | INFO     | SCVI already trained ({'epochs': 400, 'final_elbo': 557.5040893554688, 'elapsed_min': 126.6, 'model_dir': 'results/pilot/reference_model/scvi_model'}). Loading saved model...
2026-06-02 09:26:24 | INFO     | Loading reference from results/pilot/reference.h5ad for SCVI reload...
2026-06-02 09:33:53 | INFO     | Starting NullState HNOCA Pilot
2026-06-02 09:33:53 | INFO     | 
2026-06-02 09:33:53 | INFO     | ############################################################
2026-06-02 09:33:53 | INFO     | # STEP 2: scANVI Mapping and Classification
2026-06-02 09:33:53 | INFO     | ############################################################
2026-06-02 09:33:53 | INFO     | GPU detected: NVIDIA H100 80GB HBM3
2026-06-02 09:33:53 | INFO     | VRAM: 85.02 GB
2026-06-02 09:33:53 | INFO     | Set float32 matmul precision to 'medium' (TF32 enabled)
2026-06-02 09:36:51 | INFO     | Filtering for top 4000 Highly Variable Genes (HVGs)...
2026-06-02 09:38:55 | INFO     | Reference shape after HVG filtering: (1901093, 4000)
2026-06-02 09:38:55 | INFO     | SCVI already trained ({'epochs': 400, 'final_elbo': 557.5040893554688, 'elapsed_min': 126.6, 'model_dir': 'results/pilot/reference_model/scvi_model'}). Loading saved model...
2026-06-02 09:38:55 | INFO     | Upgrading to SCANVI using labels_key=cell_type...
2026-06-02 09:38:55 | INFO     | Training SCANVI (max_epochs=200)...
2026-06-02 11:52:11 | INFO     | SCANVI training complete in 133.3 min. Final ELBO: 569.58
2026-06-02 11:52:11 | INFO     | Progress saved: scanvi -> {'epochs': 200, 'final_elbo': 569.5806884765625, 'elapsed_min': 133.3}
2026-06-02 11:52:11 | INFO     | Saving model to results/pilot/reference_model/ref_scanvi
2026-06-02 11:52:12 | INFO     | Loading query from data/hnoca.h5ad...
2026-06-02 11:57:19 | INFO     | Subsetting query to match reference HVGs...
2026-06-02 11:57:41 | INFO     | Preparing query data for scArches surgery...
2026-06-02 11:58:13 | INFO     | Loading query data into SCANVI model...
2026-06-02 12:47:46 | INFO     | Starting NullState HNOCA Pilot
2026-06-02 12:47:46 | INFO     | 
2026-06-02 12:47:46 | INFO     | ############################################################
2026-06-02 12:47:46 | INFO     | # STEP 2: scANVI Mapping and Classification
2026-06-02 12:47:46 | INFO     | ############################################################
2026-06-02 12:47:46 | INFO     | GPU detected: NVIDIA H100 80GB HBM3
2026-06-02 12:47:46 | INFO     | VRAM: 85.02 GB
2026-06-02 12:47:46 | INFO     | Set float32 matmul precision to 'medium' (TF32 enabled)
2026-06-02 12:52:50 | INFO     | Filtering for top 4000 Highly Variable Genes (HVGs)...
2026-06-02 12:55:27 | INFO     | Reference shape after HVG filtering: (1901093, 4000)
2026-06-02 12:55:27 | INFO     | SCVI already trained ({'epochs': 400, 'final_elbo': 557.5040893554688, 'elapsed_min': 126.6, 'model_dir': 'results/pilot/reference_model/scvi_model'}). Loading saved model...
2026-06-02 12:55:28 | INFO     | SCANVI already trained ({'epochs': 200, 'final_elbo': 569.5806884765625, 'elapsed_min': 133.3}). Loading saved model...
2026-06-02 12:55:30 | INFO     | Loading query from data/hnoca.h5ad...
2026-06-02 13:00:38 | INFO     | Subsetting query to match reference HVGs...
2026-06-02 13:01:01 | INFO     | Preparing query data for scArches surgery...
2026-06-02 13:01:32 | INFO     | Loading query data into SCANVI model...
2026-06-02 13:01:33 | INFO     | Training scArches model (max_epochs=100, weight_decay=0.0)...
2026-06-02 13:07:20 | INFO     | Starting NullState HNOCA Pilot
2026-06-02 13:07:20 | INFO     | 
2026-06-02 13:07:20 | INFO     | ############################################################
2026-06-02 13:07:20 | INFO     | # STEP 2: scANVI Mapping and Classification
2026-06-02 13:07:20 | INFO     | ############################################################
2026-06-02 13:07:20 | INFO     | GPU detected: NVIDIA H100 80GB HBM3
2026-06-02 13:07:20 | INFO     | VRAM: 85.02 GB
2026-06-02 13:07:20 | INFO     | Set float32 matmul precision to 'medium' (TF32 enabled)
2026-06-02 13:12:40 | INFO     | Filtering for top 4000 Highly Variable Genes (HVGs)...
2026-06-02 13:15:02 | INFO     | Reference shape after HVG filtering: (1901093, 4000)
2026-06-02 13:15:02 | INFO     | SCVI already trained ({'epochs': 400, 'final_elbo': 557.5040893554688, 'elapsed_min': 126.6, 'model_dir': 'results/pilot/reference_model/scvi_model'}). Loading saved model...
2026-06-02 13:15:03 | INFO     | SCANVI already trained ({'epochs': 200, 'final_elbo': 569.5806884765625, 'elapsed_min': 133.3}). Loading saved model...
2026-06-02 13:15:04 | INFO     | Loading query from data/hnoca.h5ad...
2026-06-02 13:20:13 | INFO     | Subsetting query to match reference HVGs...
2026-06-02 13:20:35 | INFO     | Filtering out cells with 0 counts across HVGs to prevent NaN gradients...
2026-06-02 13:20:35 | INFO     | Preparing query data for scArches surgery...
2026-06-02 13:20:39 | INFO     | Loading query data into SCANVI model...
2026-06-02 13:20:39 | INFO     | Training scArches model (max_epochs=100, weight_decay=0.0)...
2026-06-02 13:33:55 | INFO     | Starting NullState HNOCA Pilot
2026-06-02 13:33:55 | INFO     | 
2026-06-02 13:33:55 | INFO     | ############################################################
2026-06-02 13:33:55 | INFO     | # STEP 2: scANVI Mapping and Classification
2026-06-02 13:33:55 | INFO     | ############################################################
2026-06-02 13:33:55 | INFO     | GPU detected: NVIDIA H100 80GB HBM3
2026-06-02 13:33:55 | INFO     | VRAM: 85.02 GB
2026-06-02 13:33:55 | INFO     | Set float32 matmul precision to 'medium' (TF32 enabled)
2026-06-02 13:36:52 | INFO     | Filtering for top 4000 Highly Variable Genes (HVGs)...
2026-06-02 13:38:56 | INFO     | Reference shape after HVG filtering: (1901093, 4000)
2026-06-02 13:38:56 | INFO     | SCVI already trained ({'epochs': 400, 'final_elbo': 557.5040893554688, 'elapsed_min': 126.6, 'model_dir': 'results/pilot/reference_model/scvi_model'}). Loading saved model...
2026-06-02 13:38:57 | INFO     | SCANVI already trained ({'epochs': 200, 'final_elbo': 569.5806884765625, 'elapsed_min': 133.3}). Loading saved model...
2026-06-02 13:38:58 | INFO     | Loading query from data/hnoca.h5ad...
2026-06-02 13:44:09 | INFO     | Subsetting query to match reference HVGs...
2026-06-02 13:44:31 | INFO     | Filtering out cells with 0 counts across HVGs to prevent NaN gradients...
2026-06-02 13:44:31 | INFO     | Preparing query data for scArches surgery...
2026-06-02 13:44:35 | INFO     | Loading query data into SCANVI model...
2026-06-02 13:44:35 | INFO     | Training scArches model (max_epochs=100, weight_decay=1e-3)...
2026-06-02 13:45:02 | INFO     | Starting NullState HNOCA Pilot
2026-06-02 13:45:02 | INFO     | 
2026-06-02 13:45:02 | INFO     | ############################################################
2026-06-02 13:45:02 | INFO     | # STEP 2: scANVI Mapping and Classification
2026-06-02 13:45:02 | INFO     | ############################################################
2026-06-02 13:45:03 | INFO     | GPU detected: NVIDIA H100 80GB HBM3
2026-06-02 13:45:03 | INFO     | VRAM: 85.02 GB
2026-06-02 13:45:03 | INFO     | Set float32 matmul precision to 'medium' (TF32 enabled)
2026-06-02 13:58:34 | INFO     | Filtering for top 4000 Highly Variable Genes (HVGs)...
2026-06-02 14:00:56 | INFO     | Reference shape after HVG filtering: (1901093, 4000)
2026-06-02 14:00:56 | INFO     | SCVI already trained ({'epochs': 400, 'final_elbo': 557.5040893554688, 'elapsed_min': 126.6, 'model_dir': 'results/pilot/reference_model/scvi_model'}). Loading saved model...
2026-06-02 14:00:56 | INFO     | SCANVI already trained ({'epochs': 200, 'final_elbo': 569.5806884765625, 'elapsed_min': 133.3}). Loading saved model...
2026-06-02 14:00:58 | INFO     | Loading query from data/hnoca.h5ad...
2026-06-02 14:06:08 | INFO     | Subsetting query to match reference HVGs...
2026-06-02 14:06:30 | INFO     | Filtering out cells with 0 counts across HVGs to prevent NaN gradients...
2026-06-02 14:06:30 | INFO     | Preparing query data for scArches surgery...
2026-06-02 14:06:34 | INFO     | Loading query data into SCANVI model...
2026-06-02 14:06:34 | INFO     | Training scArches model (max_epochs=100, weight_decay=0.001)...
2026-06-02 14:10:58 | INFO     | Starting NullState HNOCA Pilot
2026-06-02 14:10:58 | INFO     | 
2026-06-02 14:10:58 | INFO     | ############################################################
2026-06-02 14:10:58 | INFO     | # STEP 2: scANVI Mapping and Classification
2026-06-02 14:10:58 | INFO     | ############################################################
2026-06-02 14:10:58 | INFO     | GPU detected: NVIDIA H100 80GB HBM3
2026-06-02 14:10:58 | INFO     | VRAM: 85.02 GB
2026-06-02 14:10:58 | INFO     | Set float32 matmul precision to 'medium' (TF32 enabled)
2026-06-02 14:16:12 | INFO     | Filtering for top 4000 Highly Variable Genes (HVGs)...
2026-06-02 14:18:34 | INFO     | Reference shape after HVG filtering: (1901093, 4000)
2026-06-02 14:18:34 | INFO     | SCVI already trained ({'epochs': 400, 'final_elbo': 557.5040893554688, 'elapsed_min': 126.6, 'model_dir': 'results/pilot/reference_model/scvi_model'}). Loading saved model...
2026-06-02 14:18:34 | INFO     | SCANVI already trained ({'epochs': 200, 'final_elbo': 569.5806884765625, 'elapsed_min': 133.3}). Loading saved model...
2026-06-02 14:18:36 | INFO     | Loading query from data/hnoca.h5ad...
2026-06-02 14:23:46 | INFO     | Subsetting query to match reference HVGs...
2026-06-02 14:24:08 | INFO     | Filtering out cells with 0 counts across HVGs to prevent NaN gradients...
2026-06-02 14:24:08 | INFO     | Preparing query data for scArches surgery...
2026-06-02 14:24:12 | INFO     | Loading query data into SCANVI model...
2026-06-02 14:24:12 | INFO     | Training scArches model (max_epochs=100, weight_decay=0.001)...
2026-06-02 14:26:31 | INFO     | Starting NullState HNOCA Pilot
2026-06-02 14:26:31 | INFO     | 
2026-06-02 14:26:31 | INFO     | ############################################################
2026-06-02 14:26:31 | INFO     | # STEP 2: scANVI Mapping and Classification
2026-06-02 14:26:31 | INFO     | ############################################################
2026-06-02 14:26:31 | INFO     | GPU detected: NVIDIA H100 80GB HBM3
2026-06-02 14:26:31 | INFO     | VRAM: 85.02 GB
2026-06-02 14:26:31 | INFO     | Set float32 matmul precision to 'medium' (TF32 enabled)
2026-06-02 14:29:27 | INFO     | Filtering for top 4000 Highly Variable Genes (HVGs)...
2026-06-02 14:31:05 | INFO     | Starting NullState HNOCA Pilot
2026-06-02 14:31:05 | INFO     | 
2026-06-02 14:31:05 | INFO     | ############################################################
2026-06-02 14:31:05 | INFO     | # STEP 2: scANVI Mapping and Classification
2026-06-02 14:31:05 | INFO     | ############################################################
2026-06-02 14:31:05 | INFO     | GPU detected: NVIDIA H100 80GB HBM3
2026-06-02 14:31:05 | INFO     | VRAM: 85.02 GB
2026-06-02 14:31:05 | INFO     | Set float32 matmul precision to 'medium' (TF32 enabled)
2026-06-02 14:31:16 | INFO     | Starting NullState HNOCA Pilot
2026-06-02 14:31:16 | INFO     | 
2026-06-02 14:31:16 | INFO     | ############################################################
2026-06-02 14:31:16 | INFO     | # STEP 2: scANVI Mapping and Classification
2026-06-02 14:31:16 | INFO     | ############################################################
2026-06-02 14:31:16 | INFO     | GPU detected: NVIDIA H100 80GB HBM3
2026-06-02 14:31:16 | INFO     | VRAM: 85.02 GB
2026-06-02 14:31:16 | INFO     | Set float32 matmul precision to 'medium' (TF32 enabled)
2026-06-02 14:36:34 | INFO     | Filtering for top 4000 Highly Variable Genes (HVGs)...
2026-06-02 14:38:58 | INFO     | Reference shape after HVG filtering: (1901093, 4000)
2026-06-02 14:38:58 | INFO     | SCVI already trained ({'epochs': 400, 'final_elbo': 557.5040893554688, 'elapsed_min': 126.6, 'model_dir': 'results/pilot/reference_model/scvi_model'}). Loading saved model...
2026-06-02 14:38:59 | INFO     | SCANVI already trained ({'epochs': 200, 'final_elbo': 569.5806884765625, 'elapsed_min': 133.3}). Loading saved model...
2026-06-02 14:39:00 | INFO     | Loading query from data/hnoca.h5ad...
2026-06-02 14:44:10 | INFO     | Subsetting query to match reference HVGs...
2026-06-02 14:44:32 | INFO     | Filtering out cells with 0 counts across HVGs to prevent NaN gradients...
2026-06-02 14:44:32 | INFO     | Preparing query data for scArches surgery...
2026-06-02 14:44:36 | INFO     | Loading query data into SCANVI model...
2026-06-02 14:44:36 | INFO     | Training scArches model (max_epochs=100, weight_decay=0.001)...
2026-06-02 15:36:47 | INFO     | Starting NullState HNOCA Pilot
2026-06-02 15:36:47 | INFO     | 
2026-06-02 15:36:47 | INFO     | ############################################################
2026-06-02 15:36:47 | INFO     | # STEP 2: scANVI Mapping and Classification
2026-06-02 15:36:47 | INFO     | ############################################################
2026-06-02 15:36:47 | INFO     | GPU detected: NVIDIA H100 80GB HBM3
2026-06-02 15:36:47 | INFO     | VRAM: 85.02 GB
2026-06-02 15:36:47 | INFO     | Set float32 matmul precision to 'medium' (TF32 enabled)
2026-06-02 15:42:00 | INFO     | Filtering for top 4000 Highly Variable Genes (HVGs)...
2026-06-02 15:44:21 | INFO     | Reference shape after HVG filtering: (1901093, 4000)
2026-06-02 15:44:21 | INFO     | SCVI already trained ({'epochs': 400, 'final_elbo': 557.5040893554688, 'elapsed_min': 126.6, 'model_dir': 'results/pilot/reference_model/scvi_model'}). Loading saved model...
2026-06-02 15:44:22 | INFO     | SCANVI already trained ({'epochs': 200, 'final_elbo': 569.5806884765625, 'elapsed_min': 133.3}). Loading saved model...
2026-06-02 15:44:23 | INFO     | Loading query from data/hnoca.h5ad...
2026-06-02 15:49:32 | INFO     | Subsetting query to match reference HVGs...
2026-06-02 15:49:54 | INFO     | Filtering out cells with 0 counts across HVGs to prevent NaN gradients...
2026-06-02 15:49:55 | INFO     | Preparing query data for scArches surgery...
2026-06-02 15:49:58 | INFO     | Loading query data into SCANVI model...
2026-06-02 15:49:58 | INFO     | Training scArches model (max_epochs=100, weight_decay=0.001)...
2026-06-02 16:07:25 | INFO     | Starting NullState HNOCA Pilot
2026-06-02 16:07:25 | INFO     | 
2026-06-02 16:07:25 | INFO     | ############################################################
2026-06-02 16:07:25 | INFO     | # STEP 2: scANVI Mapping and Classification
2026-06-02 16:07:25 | INFO     | ############################################################
2026-06-02 16:07:26 | INFO     | GPU detected: NVIDIA H100 80GB HBM3
2026-06-02 16:07:26 | INFO     | VRAM: 85.02 GB
2026-06-02 16:07:26 | INFO     | Set float32 matmul precision to 'medium' (TF32 enabled)
2026-06-02 16:10:22 | INFO     | Filtering for top 4000 Highly Variable Genes (HVGs)...
2026-06-02 16:12:24 | INFO     | Reference shape after HVG filtering: (1901093, 4000)
2026-06-02 16:12:24 | INFO     | SCVI already trained ({'epochs': 400, 'final_elbo': 557.5040893554688, 'elapsed_min': 126.6, 'model_dir': 'results/pilot/reference_model/scvi_model'}). Loading saved model...
2026-06-02 16:12:25 | INFO     | SCANVI already trained ({'epochs': 200, 'final_elbo': 569.5806884765625, 'elapsed_min': 133.3}). Loading saved model...
2026-06-02 16:12:26 | INFO     | Loading query from data/hnoca.h5ad...
2026-06-02 16:17:35 | INFO     | Subsetting query to match reference HVGs...
2026-06-02 16:17:57 | INFO     | Found 'counts_lengthnorm' layer in query. Using it as raw counts.
2026-06-02 16:17:57 | INFO     | Rounding to integer pseudo-counts...
2026-06-02 16:17:57 | INFO     | Filtering out cells with 0 counts across HVGs to prevent NaN gradients...
2026-06-02 16:17:57 | INFO     | Preparing query data for scArches surgery...
2026-06-02 16:18:01 | INFO     | Loading query data into SCANVI model...
2026-06-02 16:18:01 | INFO     | Training scArches model (max_epochs=100, weight_decay=0.001)...
2026-06-02 16:23:54 | INFO     | Starting NullState HNOCA Pilot
2026-06-02 16:23:54 | INFO     | 
2026-06-02 16:23:54 | INFO     | ############################################################
2026-06-02 16:23:54 | INFO     | # STEP 2: scANVI Mapping and Classification
2026-06-02 16:23:54 | INFO     | ############################################################
2026-06-02 16:23:54 | INFO     | GPU detected: NVIDIA H100 80GB HBM3
2026-06-02 16:23:54 | INFO     | VRAM: 85.02 GB
2026-06-02 16:23:54 | INFO     | Set float32 matmul precision to 'medium' (TF32 enabled)
2026-06-02 16:26:50 | INFO     | Filtering for top 4000 Highly Variable Genes (HVGs)...
2026-06-02 16:28:56 | INFO     | Reference shape after HVG filtering: (1901093, 4000)
2026-06-02 16:28:56 | INFO     | SCVI already trained ({'epochs': 400, 'final_elbo': 557.5040893554688, 'elapsed_min': 126.6, 'model_dir': 'results/pilot/reference_model/scvi_model'}). Loading saved model...
2026-06-02 16:28:56 | INFO     | SCANVI already trained ({'epochs': 200, 'final_elbo': 569.5806884765625, 'elapsed_min': 133.3}). Loading saved model...
2026-06-02 16:28:58 | INFO     | Loading query from data/hnoca.h5ad...
2026-06-02 16:34:12 | INFO     | Subsetting query to match reference HVGs...
2026-06-02 16:34:35 | INFO     | Found 'counts_lengthnorm' layer in query. Using it as raw counts.
2026-06-02 16:34:35 | INFO     | Rounding to integer pseudo-counts...
2026-06-02 16:34:35 | INFO     | Checking for dead genes (0 expression) to prevent NaN variance explosions...
2026-06-02 16:34:35 | WARNING  | Found 33 dead genes. Injecting a single pseudo-count to stabilize PyTorch variance estimators...
2026-06-02 16:35:18 | INFO     | Starting NullState HNOCA Pilot
2026-06-02 16:35:18 | INFO     | 
2026-06-02 16:35:18 | INFO     | ############################################################
2026-06-02 16:35:18 | INFO     | # STEP 2: scANVI Mapping and Classification
2026-06-02 16:35:18 | INFO     | ############################################################
2026-06-02 16:35:18 | INFO     | GPU detected: NVIDIA H100 80GB HBM3
2026-06-02 16:35:18 | INFO     | VRAM: 85.02 GB
2026-06-02 16:35:18 | INFO     | Set float32 matmul precision to 'medium' (TF32 enabled)
2026-06-02 16:38:16 | INFO     | Filtering for top 4000 Highly Variable Genes (HVGs)...
2026-06-02 16:40:21 | INFO     | Reference shape after HVG filtering: (1901093, 4000)
2026-06-02 16:40:21 | INFO     | SCVI already trained ({'epochs': 400, 'final_elbo': 557.5040893554688, 'elapsed_min': 126.6, 'model_dir': 'results/pilot/reference_model/scvi_model'}). Loading saved model...
2026-06-02 16:40:21 | INFO     | SCANVI already trained ({'epochs': 200, 'final_elbo': 569.5806884765625, 'elapsed_min': 133.3}). Loading saved model...
2026-06-02 16:40:23 | INFO     | Loading query from data/hnoca.h5ad...
2026-06-02 16:45:34 | INFO     | Subsetting query to match reference HVGs...
2026-06-02 16:45:56 | INFO     | Found 'counts_lengthnorm' layer in query. Using it as raw counts.
2026-06-02 16:45:56 | INFO     | Rounding to integer pseudo-counts...
2026-06-02 16:45:56 | INFO     | Checking for dead genes (0 expression) to prevent NaN variance explosions...
2026-06-02 16:45:56 | WARNING  | Found 33 dead genes. Injecting a single pseudo-count to stabilize PyTorch variance estimators...
2026-06-02 16:46:00 | INFO     | Filtering out cells with 0 counts across HVGs to prevent NaN gradients...
2026-06-02 16:46:01 | INFO     | Preparing query data for scArches surgery...
2026-06-02 16:46:04 | INFO     | Loading query data into SCANVI model...
2026-06-02 16:46:05 | INFO     | Training scArches model (max_epochs=100, weight_decay=0.01)...
2026-06-02 16:48:53 | INFO     | Starting NullState HNOCA Pilot
2026-06-02 16:48:53 | INFO     | 
2026-06-02 16:48:53 | INFO     | ############################################################
2026-06-02 16:48:53 | INFO     | # STEP 2: scANVI Mapping and Classification
2026-06-02 16:48:53 | INFO     | ############################################################
2026-06-02 16:48:53 | INFO     | GPU detected: NVIDIA H100 80GB HBM3
2026-06-02 16:48:53 | INFO     | VRAM: 85.02 GB
2026-06-02 16:48:53 | INFO     | Set float32 matmul precision to 'medium' (TF32 enabled)
2026-06-02 16:51:49 | INFO     | Filtering for top 4000 Highly Variable Genes (HVGs)...
2026-06-02 16:53:53 | INFO     | Reference shape after HVG filtering: (1901093, 4000)
2026-06-02 16:53:53 | INFO     | SCVI already trained ({'epochs': 400, 'final_elbo': 557.5040893554688, 'elapsed_min': 126.6, 'model_dir': 'results/pilot/reference_model/scvi_model'}). Loading saved model...
2026-06-02 16:53:54 | INFO     | SCANVI already trained ({'epochs': 200, 'final_elbo': 569.5806884765625, 'elapsed_min': 133.3}). Loading saved model...
2026-06-02 16:53:55 | INFO     | Loading query from data/hnoca.h5ad...
2026-06-02 16:59:05 | INFO     | Subsetting query to match reference HVGs...
2026-06-02 16:59:28 | INFO     | Reversing log1p normalization unconditionally to restore raw pseudo-counts...
2026-06-02 16:59:28 | INFO     | Rounding to integer pseudo-counts...
2026-06-02 16:59:28 | INFO     | Checking for dead genes (0 expression) to prevent NaN variance explosions...
2026-06-02 16:59:28 | WARNING  | Found 33 dead genes. Injecting a single pseudo-count to stabilize PyTorch variance estimators...
2026-06-02 16:59:31 | INFO     | Filtering out cells with 0 counts across HVGs to prevent NaN gradients...
2026-06-02 16:59:32 | INFO     | Preparing query data for scArches surgery...
2026-06-02 16:59:36 | INFO     | Loading query data into SCANVI model...
2026-06-02 16:59:36 | INFO     | Training scArches model (max_epochs=100, weight_decay=0.01)...
2026-06-02 17:01:44 | INFO     | Starting NullState HNOCA Pilot
2026-06-02 17:01:44 | INFO     | 
2026-06-02 17:01:44 | INFO     | ############################################################
2026-06-02 17:01:44 | INFO     | # STEP 2: scANVI Mapping and Classification
2026-06-02 17:01:44 | INFO     | ############################################################
2026-06-02 17:01:44 | INFO     | GPU detected: NVIDIA H100 80GB HBM3
2026-06-02 17:01:44 | INFO     | VRAM: 85.02 GB
2026-06-02 17:01:44 | INFO     | Set float32 matmul precision to 'medium' (TF32 enabled)
2026-06-02 17:04:42 | INFO     | Filtering for top 4000 Highly Variable Genes (HVGs)...
2026-06-02 17:06:46 | INFO     | Reference shape after HVG filtering: (1901093, 4000)
2026-06-02 17:06:46 | INFO     | SCVI already trained ({'epochs': 400, 'final_elbo': 557.5040893554688, 'elapsed_min': 126.6, 'model_dir': 'results/pilot/reference_model/scvi_model'}). Loading saved model...
2026-06-02 17:06:46 | INFO     | SCANVI already trained ({'epochs': 200, 'final_elbo': 569.5806884765625, 'elapsed_min': 133.3}). Loading saved model...
2026-06-02 17:06:48 | INFO     | Loading query from data/hnoca.h5ad...
2026-06-02 17:11:59 | INFO     | Subsetting query to match reference HVGs...
2026-06-02 17:12:22 | INFO     | Reversing log2(X+1) normalization unconditionally to restore raw pseudo-counts...
2026-06-02 17:12:22 | INFO     | Rounding to integer pseudo-counts...
2026-06-02 17:12:22 | INFO     | Checking for dead genes (0 expression) to prevent NaN variance explosions...
2026-06-02 17:12:22 | WARNING  | Found 33 dead genes. Injecting a single pseudo-count to stabilize PyTorch variance estimators...
2026-06-02 17:12:25 | INFO     | Filtering out cells with 0 counts across HVGs to prevent NaN gradients...
2026-06-02 17:12:26 | INFO     | Preparing query data for scArches surgery...
2026-06-02 17:12:30 | INFO     | Loading query data into SCANVI model...
2026-06-02 17:12:30 | INFO     | Training scArches model (max_epochs=100, weight_decay=0.01)...
2026-06-02 17:16:20 | INFO     | Starting NullState HNOCA Pilot
2026-06-02 17:16:20 | INFO     | 
2026-06-02 17:16:20 | INFO     | ############################################################
2026-06-02 17:16:20 | INFO     | # STEP 2: scANVI Mapping and Classification
2026-06-02 17:16:20 | INFO     | ############################################################
2026-06-02 17:16:20 | INFO     | GPU detected: NVIDIA H100 80GB HBM3
2026-06-02 17:16:20 | INFO     | VRAM: 85.02 GB
2026-06-02 17:16:20 | INFO     | Set float32 matmul precision to 'medium' (TF32 enabled)
2026-06-02 17:19:18 | INFO     | Filtering for top 4000 Highly Variable Genes (HVGs)...
2026-06-02 17:21:22 | INFO     | Reference shape after HVG filtering: (1901093, 4000)
2026-06-02 17:21:22 | INFO     | SCVI already trained ({'epochs': 400, 'final_elbo': 557.5040893554688, 'elapsed_min': 126.6, 'model_dir': 'results/pilot/reference_model/scvi_model'}). Loading saved model...
2026-06-02 17:21:23 | INFO     | SCANVI already trained ({'epochs': 200, 'final_elbo': 569.5806884765625, 'elapsed_min': 133.3}). Loading saved model...
2026-06-02 17:21:24 | INFO     | Loading query from data/hnoca.h5ad...
2026-06-02 17:26:36 | INFO     | Subsetting query to match reference HVGs...
2026-06-02 17:26:58 | INFO     | Rounding to integer pseudo-counts directly from the normalized values...
2026-06-02 17:26:58 | INFO     | Checking for dead genes (0 expression) to prevent NaN variance explosions...
2026-06-02 17:26:58 | WARNING  | Found 33 dead genes. Injecting a single pseudo-count to stabilize PyTorch variance estimators...
2026-06-02 17:27:03 | INFO     | Filtering out cells with 0 counts across HVGs to prevent NaN gradients...
2026-06-02 17:27:03 | INFO     | Preparing query data for scArches surgery...
2026-06-02 17:27:07 | INFO     | Loading query data into SCANVI model...
2026-06-02 17:27:07 | INFO     | Training scArches model (max_epochs=100, weight_decay=0.01)...
2026-06-02 17:38:57 | INFO     | Starting NullState HNOCA Pilot
2026-06-02 17:38:57 | INFO     | 
2026-06-02 17:38:57 | INFO     | ############################################################
2026-06-02 17:38:57 | INFO     | # STEP 2: scANVI Mapping and Classification
2026-06-02 17:38:57 | INFO     | ############################################################
2026-06-02 17:38:58 | INFO     | GPU detected: NVIDIA H100 80GB HBM3
2026-06-02 17:38:58 | INFO     | VRAM: 85.02 GB
2026-06-02 17:38:58 | INFO     | Set float32 matmul precision to 'medium' (TF32 enabled)
2026-06-02 17:43:57 | INFO     | Filtering for top 4000 Highly Variable Genes (HVGs)...
2026-06-02 17:47:07 | INFO     | Reference shape after HVG filtering: (1901093, 4000)
2026-06-02 17:47:07 | INFO     | SCVI already trained ({'epochs': 400, 'final_elbo': 557.5040893554688, 'elapsed_min': 126.6, 'model_dir': 'results/pilot/reference_model/scvi_model'}). Loading saved model...
2026-06-02 17:47:08 | INFO     | SCANVI already trained ({'epochs': 200, 'final_elbo': 569.5806884765625, 'elapsed_min': 133.3}). Loading saved model...
2026-06-02 17:47:09 | INFO     | Loading query from data/hnoca.h5ad...
2026-06-02 17:52:20 | INFO     | Subsetting query to match reference HVGs...
2026-06-02 17:52:42 | INFO     | Scaling query data by 283 to match reference library size...
2026-06-02 17:52:42 | INFO     | Checking for dead genes (0 expression) to prevent NaN variance explosions...
2026-06-02 17:52:42 | WARNING  | Found 33 dead genes. Injecting a single pseudo-count to stabilize PyTorch variance estimators...
2026-06-02 17:52:46 | INFO     | Filtering out cells with 0 counts across HVGs to prevent NaN gradients...
2026-06-02 17:52:47 | INFO     | Preparing query data for scArches surgery...
2026-06-02 17:52:50 | INFO     | Loading query data into SCANVI model...
2026-06-02 17:52:50 | INFO     | Training scArches model (max_epochs=100, weight_decay=0.01)...
2026-06-02 17:55:35 | INFO     | Starting NullState HNOCA Pilot
2026-06-02 17:55:35 | INFO     | 
2026-06-02 17:55:35 | INFO     | ############################################################
2026-06-02 17:55:35 | INFO     | # STEP 2: scANVI Mapping and Classification
2026-06-02 17:55:35 | INFO     | ############################################################
2026-06-02 17:55:35 | INFO     | GPU detected: NVIDIA H100 80GB HBM3
2026-06-02 17:55:35 | INFO     | VRAM: 85.02 GB
2026-06-02 17:55:35 | INFO     | Set float32 matmul precision to 'medium' (TF32 enabled)
2026-06-02 17:58:33 | INFO     | Filtering for top 4000 Highly Variable Genes (HVGs)...
2026-06-02 18:00:37 | INFO     | Reference shape after HVG filtering: (1901093, 4000)
2026-06-02 18:00:37 | INFO     | SCVI already trained ({'epochs': 400, 'final_elbo': 557.5040893554688, 'elapsed_min': 126.6, 'model_dir': 'results/pilot/reference_model/scvi_model'}). Loading saved model...
2026-06-02 18:00:38 | INFO     | SCANVI already trained ({'epochs': 200, 'final_elbo': 569.5806884765625, 'elapsed_min': 133.3}). Loading saved model...
2026-06-02 18:00:39 | INFO     | Loading query from data/hnoca.h5ad...
2026-06-02 18:05:51 | INFO     | Subsetting query to match reference HVGs...
2026-06-02 18:06:13 | INFO     | Scaling query data by 283 to match reference library size...
2026-06-02 18:06:13 | INFO     | Checking for dead genes (0 expression) to prevent NaN variance explosions...
2026-06-02 18:06:13 | WARNING  | Found 33 dead genes. Injecting a single pseudo-count to stabilize PyTorch variance estimators...
2026-06-02 18:06:17 | INFO     | Filtering out cells with 0 counts across HVGs to prevent NaN gradients...
2026-06-02 18:06:18 | INFO     | Preparing query data for scArches surgery...
2026-06-02 18:06:22 | INFO     | Loading query data into SCANVI model...
2026-06-02 18:06:22 | INFO     | Training scArches model (max_epochs=100, weight_decay=0.0)...
2026-06-02 18:11:05 | INFO     | Starting NullState HNOCA Pilot
2026-06-02 18:11:05 | INFO     | 
2026-06-02 18:11:05 | INFO     | ############################################################
2026-06-02 18:11:05 | INFO     | # STEP 2: scANVI Mapping and Classification
2026-06-02 18:11:05 | INFO     | ############################################################
2026-06-02 18:11:05 | INFO     | GPU detected: NVIDIA H100 80GB HBM3
2026-06-02 18:11:05 | INFO     | VRAM: 85.02 GB
2026-06-02 18:11:05 | INFO     | Set float32 matmul precision to 'highest' (strict FP32, TF32 disabled to prevent ZINB underflow)
2026-06-02 18:14:03 | INFO     | Filtering for top 4000 Highly Variable Genes (HVGs)...
2026-06-02 18:16:06 | INFO     | Reference shape after HVG filtering: (1901093, 4000)
2026-06-02 18:16:06 | INFO     | SCVI already trained ({'epochs': 400, 'final_elbo': 557.5040893554688, 'elapsed_min': 126.6, 'model_dir': 'results/pilot/reference_model/scvi_model'}). Loading saved model...
2026-06-02 18:16:07 | INFO     | SCANVI already trained ({'epochs': 200, 'final_elbo': 569.5806884765625, 'elapsed_min': 133.3}). Loading saved model...
2026-06-02 18:16:09 | INFO     | Loading query from data/hnoca.h5ad...
2026-06-02 18:21:19 | INFO     | Subsetting query to match reference HVGs...
2026-06-02 18:21:41 | INFO     | Scaling query data by 283 to match reference library size...
2026-06-02 18:21:41 | INFO     | Checking for dead genes (0 expression) to prevent NaN variance explosions...
2026-06-02 18:21:41 | WARNING  | Found 33 dead genes. Injecting a single pseudo-count to stabilize PyTorch variance estimators...
2026-06-02 18:21:46 | INFO     | Filtering out cells with 0 counts across HVGs to prevent NaN gradients...
2026-06-02 18:21:46 | INFO     | Preparing query data for scArches surgery...
2026-06-02 18:21:50 | INFO     | Loading query data into SCANVI model...
2026-06-02 18:21:50 | INFO     | Training scArches model (max_epochs=100, weight_decay=0.0)...
2026-06-02 18:24:11 | INFO     | Starting NullState HNOCA Pilot
2026-06-02 18:24:11 | INFO     | 
2026-06-02 18:24:11 | INFO     | ############################################################
2026-06-02 18:24:11 | INFO     | # STEP 2: scANVI Mapping and Classification
2026-06-02 18:24:11 | INFO     | ############################################################
2026-06-02 18:24:12 | INFO     | GPU detected: NVIDIA H100 80GB HBM3
2026-06-02 18:24:12 | INFO     | VRAM: 85.02 GB
2026-06-02 18:24:12 | INFO     | Set float32 matmul precision to 'highest' (strict FP32, TF32 disabled to prevent ZINB underflow)
2026-06-02 18:27:12 | INFO     | Filtering for top 4000 Highly Variable Genes (HVGs)...
2026-06-02 18:29:17 | INFO     | Reference shape after HVG filtering: (1901093, 4000)
2026-06-02 18:29:17 | INFO     | SCVI already trained ({'epochs': 400, 'final_elbo': 557.5040893554688, 'elapsed_min': 126.6, 'model_dir': 'results/pilot/reference_model/scvi_model'}). Loading saved model...
2026-06-02 18:29:18 | INFO     | SCANVI already trained ({'epochs': 200, 'final_elbo': 569.5806884765625, 'elapsed_min': 133.3}). Loading saved model...
2026-06-02 18:29:19 | INFO     | Loading query from data/hnoca.h5ad...
2026-06-02 18:34:31 | INFO     | Subsetting query to match reference HVGs...
2026-06-02 18:34:54 | INFO     | Scaling query data by 283 to match reference library size...
2026-06-02 18:34:54 | INFO     | Checking for dead genes (0 expression) to prevent NaN variance explosions...
2026-06-02 18:34:54 | WARNING  | Found 33 dead genes. Injecting a single pseudo-count to stabilize PyTorch variance estimators...
2026-06-02 18:34:58 | INFO     | Filtering out cells with 0 counts across HVGs to prevent NaN gradients...
2026-06-02 18:34:59 | INFO     | Preparing query data for scArches surgery...
2026-06-02 18:35:03 | INFO     | Loading query data into SCANVI model...
2026-06-02 18:35:03 | INFO     | Training scArches model (max_epochs=0, weight_decay=0.0)...
2026-06-02 18:38:06 | INFO     | Starting NullState HNOCA Pilot
2026-06-02 18:38:06 | INFO     | 
2026-06-02 18:38:06 | INFO     | ############################################################
2026-06-02 18:38:06 | INFO     | # STEP 2: scANVI Mapping and Classification
2026-06-02 18:38:06 | INFO     | ############################################################
2026-06-02 18:38:06 | INFO     | GPU detected: NVIDIA H100 80GB HBM3
2026-06-02 18:38:06 | INFO     | VRAM: 85.02 GB
2026-06-02 18:38:06 | INFO     | Set float32 matmul precision to 'highest' (strict FP32, TF32 disabled to prevent ZINB underflow)
2026-06-02 18:38:09 | INFO     | SCVI already trained ({'epochs': 400, 'final_elbo': 557.5040893554688, 'elapsed_min': 126.6, 'model_dir': 'results/pilot/reference_model/scvi_model'}). Loading saved model...
2026-06-02 18:40:59 | INFO     | Starting NullState HNOCA Pilot
2026-06-02 18:40:59 | INFO     | 
2026-06-02 18:40:59 | INFO     | ############################################################
2026-06-02 18:40:59 | INFO     | # STEP 2: scANVI Mapping and Classification
2026-06-02 18:40:59 | INFO     | ############################################################
2026-06-02 18:40:59 | INFO     | GPU detected: NVIDIA H100 80GB HBM3
2026-06-02 18:40:59 | INFO     | VRAM: 85.02 GB
2026-06-02 18:40:59 | INFO     | Set float32 matmul precision to 'highest' (strict FP32, TF32 disabled to prevent ZINB underflow)
2026-06-02 18:40:59 | INFO     | SCVI already trained ({'epochs': 400, 'final_elbo': 557.5040893554688, 'elapsed_min': 126.6, 'model_dir': 'results/pilot/reference_model/scvi_model'}). Loading saved model...
2026-06-02 18:41:00 | INFO     | SCANVI already trained ({'epochs': 200, 'final_elbo': 569.5806884765625, 'elapsed_min': 133.3}). Loading saved model...
2026-06-02 18:47:22 | INFO     | Starting NullState HNOCA Pilot
2026-06-02 18:47:22 | INFO     | 
2026-06-02 18:47:22 | INFO     | ############################################################
2026-06-02 18:47:22 | INFO     | # STEP 2: scANVI Mapping and Classification
2026-06-02 18:47:22 | INFO     | ############################################################
2026-06-02 18:47:23 | INFO     | GPU detected: NVIDIA H100 80GB HBM3
2026-06-02 18:47:23 | INFO     | VRAM: 85.02 GB
2026-06-02 18:47:23 | INFO     | Set float32 matmul precision to 'highest' (strict FP32, TF32 disabled to prevent ZINB underflow)
2026-06-02 18:52:12 | INFO     | Filtering for top 4000 Highly Variable Genes (HVGs)...
2026-06-02 18:55:39 | INFO     | Reference shape after HVG filtering: (1901093, 4000)
2026-06-02 18:55:39 | INFO     | SCVI already trained ({'epochs': 400, 'final_elbo': 557.5040893554688, 'elapsed_min': 126.6, 'model_dir': 'results/pilot/reference_model/scvi_model'}). Loading saved model...
2026-06-02 18:55:40 | INFO     | SCANVI already trained ({'epochs': 200, 'final_elbo': 569.5806884765625, 'elapsed_min': 133.3}). Loading saved model...
2026-06-02 19:27:02 | INFO     | Starting NullState HNOCA Pilot
2026-06-02 19:27:02 | INFO     | 
2026-06-02 19:27:02 | INFO     | ############################################################
2026-06-02 19:27:02 | INFO     | # STEP 2: scANVI Mapping and Classification
2026-06-02 19:27:02 | INFO     | ############################################################
2026-06-02 19:27:03 | INFO     | GPU detected: NVIDIA H100 80GB HBM3
2026-06-02 19:27:03 | INFO     | VRAM: 85.02 GB
2026-06-02 19:27:03 | INFO     | Set float32 matmul precision to 'highest' (strict FP32, TF32 disabled to prevent ZINB underflow)
2026-06-02 19:32:15 | INFO     | Filtering for top 4000 Highly Variable Genes (HVGs)...
2026-06-02 19:34:53 | INFO     | Reference shape after HVG filtering: (1901093, 4000)
2026-06-02 19:34:53 | INFO     | SCVI already trained ({'epochs': 400, 'final_elbo': 557.5040893554688, 'elapsed_min': 126.6, 'model_dir': 'results/pilot/reference_model/scvi_model'}). Loading saved model...
2026-06-02 19:34:54 | INFO     | SCANVI already trained ({'epochs': 200, 'final_elbo': 569.5806884765625, 'elapsed_min': 133.3}). Loading saved model...
2026-06-02 19:34:55 | INFO     | Loading query from data/hnoca.h5ad...
2026-06-02 19:41:07 | INFO     | Subsetting query to match reference HVGs...
2026-06-02 19:41:38 | INFO     | Scaling query data by 283 to match reference library size...
2026-06-02 19:41:38 | INFO     | Checking for dead genes (0 expression) to prevent NaN variance explosions...
2026-06-02 19:41:38 | WARNING  | Found 33 dead genes. Injecting a single pseudo-count to stabilize PyTorch variance estimators...
2026-06-02 19:41:42 | INFO     | Filtering out cells with 0 counts across HVGs to prevent NaN gradients...
2026-06-02 19:41:43 | INFO     | Preparing query data for scArches surgery...
2026-06-02 19:41:47 | INFO     | Loading query data into SCANVI model...
2026-06-02 19:41:47 | INFO     | Training scArches model (max_epochs=0, weight_decay=0.0)...
2026-06-02 19:41:49 | INFO     | scArches training complete in 0.0 min. Final ELBO: 0.00
2026-06-02 19:41:49 | INFO     | Progress saved: scarches -> {'epochs': 0, 'final_elbo': 0.0, 'elapsed_min': 0.0}
2026-06-02 19:41:49 | INFO     | Saving model to results/pilot/reference_model/query_scanvi
2026-06-02 19:41:49 | INFO     | === Full training pipeline complete ===
2026-06-02 19:49:19 | INFO     | Calibrating thresholds using 10.0% of reference cells...
2026-06-02 19:49:20 | INFO     | Predicting soft labels for query...
2026-06-02 19:49:27 | INFO     | Computing Shannon entropy...
2026-06-02 19:49:59 | INFO     | Extracting latent representations...
2026-06-02 19:50:40 | INFO     | Fitting NearestNeighbors (k=15) on reference latent...
2026-06-02 19:50:40 | INFO     | Calculating distances for query...
2026-06-02 19:51:53 | INFO     | Calibrated tau_H (entropy): 0.6941
2026-06-02 19:51:53 | INFO     | Calibrated tau_R (off-manifold): 2.4002
2026-06-02 19:51:53 | INFO     | Predicting soft labels for query...
2026-06-02 19:52:00 | INFO     | Computing Shannon entropy...
2026-06-02 19:52:31 | INFO     | Extracting latent representations...
2026-06-02 19:53:14 | INFO     | Fitting NearestNeighbors (k=15) on reference latent...
2026-06-02 19:53:14 | INFO     | Calculating distances for query...
2026-06-02 19:54:25 | INFO     | Annotating query AnnData...
2026-06-02 19:54:27 | INFO     | Classifying all query cells...
2026-06-02 19:54:41 | INFO     | Class distribution:
2026-06-02 19:54:41 | INFO     |   unmapped: 1587409 (89.7%)
2026-06-02 19:54:41 | INFO     |   ambiguous_novel: 134317 (7.6%)
2026-06-02 19:54:41 | INFO     |   other: 44825 (2.5%)
2026-06-02 19:54:41 | INFO     |   poorly_diff_ontarget: 2153 (0.1%)
2026-06-02 19:54:41 | INFO     |   ambiguous: 1400 (0.1%)
2026-06-02 19:54:41 | INFO     |   clean_ontarget: 425 (0.0%)
2026-06-02 19:54:41 | INFO     |   true_offtarget: 49 (0.0%)
2026-06-02 20:06:46 | INFO     | Starting NullState HNOCA Pilot
2026-06-02 20:06:46 | INFO     | 
2026-06-02 20:06:46 | INFO     | ############################################################
2026-06-02 20:06:46 | INFO     | # STEP 2: scANVI Mapping and Classification
2026-06-02 20:06:46 | INFO     | ############################################################
2026-06-02 20:06:46 | INFO     | GPU detected: NVIDIA H100 80GB HBM3
2026-06-02 20:06:46 | INFO     | VRAM: 85.02 GB
2026-06-02 20:06:46 | INFO     | Set float32 matmul precision to 'highest' (strict FP32, TF32 disabled to prevent ZINB underflow)
2026-06-02 20:12:06 | INFO     | Filtering for top 4000 Highly Variable Genes (HVGs)...
2026-06-02 20:14:28 | INFO     | Reference shape after HVG filtering: (1901093, 4000)
2026-06-02 20:14:28 | INFO     | SCVI already trained ({'epochs': 400, 'final_elbo': 557.5040893554688, 'elapsed_min': 126.6, 'model_dir': 'results/pilot/reference_model/scvi_model'}). Loading saved model...
2026-06-02 20:14:29 | INFO     | SCANVI already trained ({'epochs': 200, 'final_elbo': 569.5806884765625, 'elapsed_min': 133.3}). Loading saved model...
2026-06-02 20:14:30 | INFO     | Loading query from data/hnoca.h5ad...
2026-06-03 09:48:13 | INFO     | Starting NullState HNOCA Pilot
2026-06-03 09:48:13 | INFO     | 
2026-06-03 09:48:13 | INFO     | ############################################################
2026-06-03 09:48:13 | INFO     | # STEP 2: scANVI Mapping and Classification
2026-06-03 09:48:13 | INFO     | ############################################################
2026-06-03 09:48:13 | INFO     | GPU detected: NVIDIA H100 80GB HBM3
2026-06-03 09:48:13 | INFO     | VRAM: 85.02 GB
2026-06-03 09:48:13 | INFO     | Set float32 matmul precision to 'highest' (strict FP32, TF32 disabled to prevent ZINB underflow)
2026-06-03 09:51:10 | INFO     | Filtering for top 4000 Highly Variable Genes (HVGs)...
2026-06-03 09:53:13 | INFO     | Reference shape after HVG filtering: (1901093, 4000)
2026-06-03 09:53:13 | INFO     | Setting up AnnData for SCVI...
2026-06-03 09:53:13 | INFO     | Training SCVI (n_latent=30, max_epochs=400)...
2026-06-03 11:59:01 | INFO     | SCVI training complete in 125.8 min. Final ELBO: 552.25
2026-06-03 11:59:01 | INFO     | SCVI model saved to results/pilot/reference_model/scvi_model
2026-06-03 11:59:01 | INFO     | Progress saved: scvi -> {'epochs': 400, 'final_elbo': 552.2467041015625, 'elapsed_min': 125.8, 'model_dir': 'results/pilot/reference_model/scvi_model'}
2026-06-03 11:59:01 | INFO     | Upgrading to SCANVI using labels_key=cell_type...
2026-06-03 11:59:01 | INFO     | Training SCANVI (max_epochs=200)...
2026-06-03 14:08:59 | INFO     | SCANVI training complete in 130.0 min. Final ELBO: 564.31
2026-06-03 14:08:59 | INFO     | Progress saved: scanvi -> {'epochs': 200, 'final_elbo': 564.308837890625, 'elapsed_min': 130.0}
2026-06-03 14:08:59 | INFO     | Saving model to results/pilot/reference_model/ref_scanvi
2026-06-03 14:08:59 | INFO     | Loading query from data/hnoca.h5ad...
2026-06-03 14:16:11 | INFO     | Remapped query var_names to Ensembl IDs (dropped 0 without an Ensembl ID, 0 duplicates; 36842 genes remain).
2026-06-03 14:16:16 | WARNING  | Query missing 'donor_id'; using 'batch' as the query batch (396 levels).
2026-06-03 14:16:41 | INFO     | Using query.layers['counts_lengthnorm'] (integer counts) as raw counts for scVI mapping.
2026-06-03 14:16:41 | INFO     | Subsetting query to match reference HVGs...
2026-06-03 14:16:57 | INFO     | Checking for dead genes (0 expression) to prevent NaN variance explosions...
2026-06-03 14:16:57 | WARNING  | Found 37 dead genes. Injecting a single pseudo-count to stabilize PyTorch variance estimators...
2026-06-03 14:17:12 | INFO     | Filtering out cells with 0 counts across HVGs to prevent NaN gradients...
2026-06-03 14:17:22 | INFO     | Preparing query data for scArches surgery...
2026-06-03 14:17:44 | INFO     | Loading query data into SCANVI model...
2026-06-03 14:17:46 | INFO     | Training scArches model (max_epochs=100, weight_decay=0.0)...
2026-06-03 14:58:08 | INFO     | Starting NullState HNOCA Pilot
2026-06-03 14:58:08 | INFO     | 
2026-06-03 14:58:08 | INFO     | ############################################################
2026-06-03 14:58:08 | INFO     | # STEP 2: scANVI Mapping and Classification
2026-06-03 14:58:08 | INFO     | ############################################################
2026-06-03 14:58:08 | INFO     | GPU detected: NVIDIA H100 80GB HBM3
2026-06-03 14:58:08 | INFO     | VRAM: 85.02 GB
2026-06-03 14:58:08 | INFO     | Set float32 matmul precision to 'highest' (strict FP32, TF32 disabled to prevent ZINB underflow)
2026-06-03 15:01:04 | INFO     | Filtering for top 4000 Highly Variable Genes (HVGs)...
2026-06-03 15:03:08 | INFO     | Reference shape after HVG filtering: (1901093, 4000)
2026-06-03 15:03:08 | INFO     | SCVI already trained ({'epochs': 400, 'final_elbo': 552.2467041015625, 'elapsed_min': 125.8, 'model_dir': 'results/pilot/reference_model/scvi_model'}). Loading saved model...
2026-06-03 15:03:09 | INFO     | SCANVI already trained ({'epochs': 200, 'final_elbo': 564.308837890625, 'elapsed_min': 130.0}). Loading saved model...
2026-06-03 15:03:11 | INFO     | Loading query from data/hnoca.h5ad...
2026-06-03 15:10:04 | INFO     | Remapped query var_names to Ensembl IDs (dropped 0 without an Ensembl ID, 0 duplicates; 36842 genes remain).
2026-06-03 15:10:06 | WARNING  | Query missing 'donor_id'; using 'bio_sample' as the query batch (303 levels).
2026-06-03 15:10:27 | INFO     | Using query.layers['counts_lengthnorm'] (integer counts) as raw counts for scVI mapping.
2026-06-03 15:10:27 | INFO     | Subsetting query to match reference HVGs...
2026-06-03 15:10:43 | INFO     | Checking for dead genes (0 expression) to prevent NaN variance explosions...
2026-06-03 15:10:43 | WARNING  | Found 37 dead genes. Injecting a single pseudo-count to stabilize PyTorch variance estimators...
2026-06-03 15:10:58 | INFO     | Filtering out cells with 0 counts across HVGs to prevent NaN gradients...
2026-06-03 15:11:08 | INFO     | Preparing query data for scArches surgery...
2026-06-03 15:11:34 | INFO     | Loading query data into SCANVI model...
2026-06-03 15:11:36 | INFO     | Training scArches model (max_epochs=100, weight_decay=0.0)...
2026-06-03 15:30:10 | INFO     | Starting NullState HNOCA Pilot
2026-06-03 15:30:10 | INFO     | 
2026-06-03 15:30:10 | INFO     | ############################################################
2026-06-03 15:30:10 | INFO     | # STEP 2: scANVI Mapping and Classification
2026-06-03 15:30:10 | INFO     | ############################################################
2026-06-03 15:30:10 | INFO     | GPU detected: NVIDIA H100 80GB HBM3
2026-06-03 15:30:10 | INFO     | VRAM: 85.02 GB
2026-06-03 15:30:10 | INFO     | Set float32 matmul precision to 'highest' (strict FP32, TF32 disabled to prevent ZINB underflow)
2026-06-03 15:33:07 | INFO     | Filtering for top 4000 Highly Variable Genes (HVGs)...
2026-06-03 15:35:10 | INFO     | Reference shape after HVG filtering: (1901093, 4000)
2026-06-03 15:35:10 | INFO     | SCVI already trained ({'epochs': 400, 'final_elbo': 552.2467041015625, 'elapsed_min': 125.8, 'model_dir': 'results/pilot/reference_model/scvi_model'}). Loading saved model...
2026-06-03 15:35:11 | INFO     | SCANVI already trained ({'epochs': 200, 'final_elbo': 564.308837890625, 'elapsed_min': 130.0}). Loading saved model...
2026-06-03 15:35:13 | INFO     | Loading query from data/hnoca.h5ad...
2026-06-03 15:41:54 | INFO     | Remapped query var_names to Ensembl IDs (dropped 0 without an Ensembl ID, 0 duplicates; 36842 genes remain).
2026-06-03 15:41:56 | WARNING  | Query missing 'donor_id'; using 'bio_sample' as the query batch (303 levels).
2026-06-03 15:42:14 | INFO     | Using query.layers['counts_lengthnorm'] (integer counts) as raw counts for scVI mapping.
2026-06-03 15:42:14 | INFO     | Subsetting query to match reference HVGs...
2026-06-03 15:42:30 | INFO     | Checking for dead genes (0 expression) to prevent NaN variance explosions...
2026-06-03 15:42:31 | WARNING  | Found 37 dead genes. Injecting a single pseudo-count to stabilize PyTorch variance estimators...
2026-06-03 15:42:54 | INFO     | Filtered query to cells with >= 50 counts across HVGs: 1770578 -> 1602575 (9.5% dropped).
2026-06-03 15:42:54 | INFO     | Preparing query data for scArches surgery...
2026-06-03 15:43:17 | INFO     | Loading query data into SCANVI model...
2026-06-03 15:43:19 | INFO     | Training scArches model (max_epochs=100, weight_decay=0.0)...
2026-06-03 15:55:56 | INFO     | Starting NullState HNOCA Pilot
2026-06-03 15:55:56 | INFO     | 
2026-06-03 15:55:56 | INFO     | ############################################################
2026-06-03 15:55:56 | INFO     | # STEP 2: scANVI Mapping and Classification
2026-06-03 15:55:56 | INFO     | ############################################################
2026-06-03 15:55:57 | INFO     | GPU detected: NVIDIA H100 80GB HBM3
2026-06-03 15:55:57 | INFO     | VRAM: 85.02 GB
2026-06-03 15:55:57 | INFO     | Set float32 matmul precision to 'highest' (strict FP32, TF32 disabled to prevent ZINB underflow)
2026-06-03 16:01:16 | INFO     | Filtering for top 4000 Highly Variable Genes (HVGs)...
2026-06-03 16:03:41 | INFO     | Reference shape after HVG filtering: (1901093, 4000)
2026-06-03 16:03:41 | INFO     | SCVI already trained ({'epochs': 400, 'final_elbo': 552.2467041015625, 'elapsed_min': 125.8, 'model_dir': 'results/pilot/reference_model/scvi_model'}). Loading saved model...
2026-06-03 16:03:43 | INFO     | SCANVI already trained ({'epochs': 200, 'final_elbo': 564.308837890625, 'elapsed_min': 130.0}). Loading saved model...
2026-06-03 16:03:45 | INFO     | Loading query from data/hnoca.h5ad...
2026-06-03 16:10:25 | INFO     | Remapped query var_names to Ensembl IDs (dropped 0 without an Ensembl ID, 0 duplicates; 36842 genes remain).
2026-06-03 16:10:27 | WARNING  | Query missing 'donor_id'; using 'bio_sample' as the query batch (303 levels).
2026-06-03 16:10:46 | INFO     | Using query.layers['counts_lengthnorm'] (integer counts) as raw counts for scVI mapping.
2026-06-03 16:10:46 | INFO     | Subsetting query to match reference HVGs...
2026-06-03 16:11:02 | INFO     | Checking for dead genes (0 expression) to prevent NaN variance explosions...
2026-06-03 16:11:02 | WARNING  | Found 37 dead genes. Injecting a single pseudo-count to stabilize PyTorch variance estimators...
2026-06-03 16:11:25 | INFO     | Filtered query to cells with >= 50 counts across HVGs: 1770578 -> 1602575 (9.5% dropped).
2026-06-03 16:11:25 | INFO     | Preparing query data for scArches surgery...
2026-06-03 16:11:49 | INFO     | Loading query data into SCANVI model...
2026-06-03 16:11:51 | INFO     | Training scArches model (max_epochs=0, weight_decay=0.0)...
2026-06-03 16:12:00 | INFO     | scArches training complete in 0.2 min. Final ELBO: 0.00
2026-06-03 16:12:00 | INFO     | Progress saved: scarches -> {'epochs': 0, 'final_elbo': 0.0, 'elapsed_min': 0.2}
2026-06-03 16:12:00 | INFO     | Saving model to results/pilot/reference_model/query_scanvi
2026-06-03 16:12:00 | INFO     | === Full training pipeline complete ===
2026-06-03 16:12:08 | INFO     | [Integration QC] evaluating 20000 cells (50 batches)...
2026-06-03 16:12:53 | INFO     | [Integration QC] batch iLISI integrated=8.04 vs pca=5.94 (higher=better mixing; max possible=50)
2026-06-03 16:12:53 | INFO     | [Integration QC] label cLISI integrated=1.44 vs pca=1.39 (~1 = cell types stay separable)
2026-06-03 16:12:53 | INFO     | [Integration QC] VERDICT: mixing_improved=True, bio_preserved=True
2026-06-03 16:12:53 | INFO     | [Integration QC] saved -> results/pilot/integration_qc.json
2026-06-03 16:18:02 | INFO     | Calibrating thresholds using 10.0% of reference cells...
2026-06-03 16:18:02 | INFO     | Predicting soft labels for query...
2026-06-03 16:18:10 | INFO     | Computing Shannon entropy...
2026-06-03 16:18:42 | INFO     | Extracting latent representations...
2026-06-03 16:19:25 | INFO     | Fitting NearestNeighbors (k=15) on reference latent...
2026-06-03 16:19:25 | INFO     | Calculating distances for query...
2026-06-03 16:20:39 | INFO     | Calibrated tau_H (entropy): 1.2415
2026-06-03 16:20:39 | INFO     | Calibrated tau_R (off-manifold): 1.7810
2026-06-03 16:20:39 | INFO     | Predicting soft labels for query...
2026-06-03 16:21:13 | INFO     | Computing Shannon entropy...
2026-06-03 16:25:40 | INFO     | Extracting latent representations...
2026-06-03 16:26:46 | INFO     | Fitting NearestNeighbors (k=15) on reference latent...
2026-06-03 16:26:46 | INFO     | Calculating distances for query...
2026-06-03 16:37:01 | INFO     | Annotating query AnnData...
2026-06-03 16:37:06 | INFO     | [Label confidence] most-uncertain predicted types (high entropy = guessing):
2026-06-03 16:37:06 | INFO     |    megakaryocyte: n=1 mean_H=2.513 top_prob=0.18
2026-06-03 16:37:06 | INFO     |    neuroplacodal cell: n=2 mean_H=2.295 top_prob=0.26
2026-06-03 16:37:06 | INFO     |    glial cell: n=68 mean_H=1.995 top_prob=0.30
2026-06-03 16:37:06 | INFO     |    Schwann cell: n=2 mean_H=1.926 top_prob=0.33
2026-06-03 16:37:06 | INFO     |    myeloid cell: n=151 mean_H=1.873 top_prob=0.37
2026-06-03 16:37:06 | INFO     |    erythroblast: n=807 mean_H=1.863 top_prob=0.37
2026-06-03 16:37:06 | INFO     |    neural crest cell: n=47 mean_H=1.826 top_prob=0.33
2026-06-03 16:37:06 | INFO     |    erythrocyte: n=15 mean_H=1.652 top_prob=0.39
2026-06-03 16:37:06 | INFO     | [Label confidence] saved -> results/pilot/label_confidence.csv
2026-06-03 16:37:06 | INFO     | Classifying all query cells...
2026-06-03 16:37:19 | INFO     | Class distribution:
2026-06-03 16:37:19 | INFO     |   ambiguous_novel: 667210 (37.7%)
2026-06-03 16:37:19 | INFO     |   clean_ontarget: 446959 (25.2%)
2026-06-03 16:37:19 | INFO     |   true_offtarget: 315273 (17.8%)
2026-06-03 16:37:19 | INFO     |   unmapped: 168003 (9.5%)
2026-06-03 16:37:19 | INFO     |   poorly_diff_ontarget: 109643 (6.2%)
2026-06-03 16:37:19 | INFO     |   ambiguous: 62761 (3.5%)
2026-06-03 16:37:19 | INFO     |   other: 729 (0.0%)
2026-06-03 16:58:12 | INFO     | # END STEP 2
2026-06-03 16:58:12 | INFO     | ############################################################

2026-06-03 16:58:12 | INFO     | 
2026-06-03 16:58:12 | INFO     | ############################################################
2026-06-03 16:58:12 | INFO     | # STEP 3: Dish-Vector Test (GO/NO-GO)
2026-06-03 16:58:12 | INFO     | ############################################################
2026-06-03 17:38:00 | INFO     | Starting NullState HNOCA Pilot
2026-06-03 17:38:00 | INFO     | 
2026-06-03 17:38:00 | INFO     | ############################################################
2026-06-03 17:38:00 | INFO     | # STEP 3: Dish-Vector Test (GO/NO-GO)
2026-06-03 17:38:00 | INFO     | ############################################################
2026-06-03 17:53:32 | INFO     | Remapped query to Ensembl IDs for dish vectors (36842 genes).
2026-06-03 17:53:33 | INFO     | Subsetting query and ref to 28038 common genes for dish vectors...
2026-06-04 09:59:02 | INFO     | Starting NullState HNOCA Pilot
2026-06-04 09:59:02 | INFO     | 
2026-06-04 09:59:02 | INFO     | ############################################################
2026-06-04 09:59:02 | INFO     | # STEP 3: Dish-Vector Test (GO/NO-GO)
2026-06-04 09:59:02 | INFO     | ############################################################
2026-06-04 10:14:26 | INFO     | Dish vectors: restricted query to 446959 clean_ontarget cells.
2026-06-04 10:14:42 | INFO     | Remapped query to Ensembl IDs for dish vectors (36842 genes).
2026-06-04 10:18:19 | INFO     | Dish vectors: restricted reference to 1622794 cells of 8 common types.
2026-06-04 10:18:19 | INFO     | Subsetting query and ref to 28038 common genes for dish vectors...
2026-06-04 10:24:06 | INFO     | Starting NullState HNOCA Pilot
2026-06-04 10:24:06 | INFO     | 
2026-06-04 10:24:06 | INFO     | ############################################################
2026-06-04 10:24:06 | INFO     | # STEP 3: Dish-Vector Test (GO/NO-GO)
2026-06-04 10:24:06 | INFO     | ############################################################
2026-06-04 10:32:25 | INFO     | Dish vectors: restricted query to 446959 clean_ontarget cells.
2026-06-04 10:32:40 | INFO     | Remapped query to Ensembl IDs for dish vectors (36842 genes).
2026-06-04 10:32:41 | INFO     | Dish vectors: subsampled to <= 3000 cells/type -> ref 21871, query 16816 cells across 8 types.
2026-06-04 10:32:41 | INFO     | Subsetting query and ref to 28038 common genes for dish vectors...
2026-06-04 10:32:44 | WARNING  | Reference X is raw counts; applying log1p-CP10k to match query space for dish vectors. Confirm the query uses the same normalization.
2026-06-04 10:32:47 | INFO     | Computing dish vectors for 8 common types...
2026-06-04 10:32:47 | WARNING  | Insufficient cells for neural crest cell (query: 2, ref: 871). Skipping.
2026-06-04 10:32:47 | WARNING  | No genes found for set glycolysis.
2026-06-04 10:32:47 | WARNING  | No genes found for set hypoxia.
2026-06-04 10:32:47 | WARNING  | No genes found for set upr.
2026-06-04 10:32:47 | WARNING  | No genes found for set emt.
2026-06-04 10:32:47 | INFO     | ==================================================
2026-06-04 10:32:47 | INFO     | GATE DECISION: Dish-Vector Test
2026-06-04 10:32:47 | INFO     | RESULT: GO
2026-06-04 10:32:47 | INFO     | --------------------
2026-06-04 10:32:47 | INFO     | Mean Cosine: 0.9055211264226172
2026-06-04 10:32:47 | INFO     | ==================================================
2026-06-04 10:32:47 | INFO     | # END STEP 3
2026-06-04 10:32:47 | INFO     | ############################################################

2026-06-04 10:32:47 | INFO     | 
2026-06-04 10:32:47 | INFO     | ############################################################
2026-06-04 10:32:47 | INFO     | # STEP 4: Count Check (GREEN/YELLOW/RED)
2026-06-04 10:32:47 | INFO     | ############################################################
2026-06-04 10:37:56 | WARNING  | 'protocol' column missing. Using 'id' instead.
2026-06-04 10:37:56 | INFO     | ==================================================
2026-06-04 10:37:56 | INFO     | GATE DECISION: Count Check
2026-06-04 10:37:56 | INFO     | RESULT: GREEN
2026-06-04 10:37:56 | INFO     | --------------------
2026-06-04 10:37:56 | INFO     | Total candidates: 7568
2026-06-04 10:37:56 | INFO     | Protocols: 51
2026-06-04 10:37:56 | INFO     | ==================================================
2026-06-04 10:37:56 | INFO     | # END STEP 4
2026-06-04 10:37:56 | INFO     | ############################################################

2026-06-04 10:37:56 | INFO     | Pilot Execution Complete.
