2026-06-17 13:54:04,793 | INFO | Empirical N_min from rarefaction on 'cortical cell of adrenal gland': 2000
2026-06-17 14:01:41,221 | INFO | N_min=2000; wrote Aim 3 geometry -> results/pilot/aim3_geometry_fix2.json
2026-06-17 14:01:41,221 | INFO |   cardiac muscle cell vs cell of skeletal muscle -> real_difference (N*=2534, cross=0.3147, floor_q=0.02308)
2026-06-17 14:01:41,221 | INFO |   cardiac muscle cell vs cortical cell of adrenal gland -> real_difference (N*=2534, cross=0.8358, floor_q=0.02298)
2026-06-17 14:01:41,221 | INFO |   cardiac muscle cell vs endothelial cell of vascular tree -> inconclusive_underpowered (N*=473, cross=0.6675, floor_q=0.04399)
2026-06-17 14:01:41,221 | INFO |   cardiac muscle cell vs epithelial cell of lower respiratory tract -> inconclusive_underpowered (N*=1967, cross=0.7435, floor_q=0.02838)
2026-06-17 14:01:41,221 | INFO |   cardiac muscle cell vs erythroblast -> inconclusive_underpowered (N*=1856, cross=0.3071, floor_q=0.0264)
2026-06-17 14:01:41,221 | INFO |   cardiac muscle cell vs erythrocyte -> inconclusive_underpowered (N*=2, cross=0.9093, floor_q=0.5788)
2026-06-17 14:01:41,221 | INFO |   cardiac muscle cell vs fibroblast -> real_difference (N*=2534, cross=0.9924, floor_q=0.02619)
2026-06-17 14:01:41,221 | INFO |   cardiac muscle cell vs hepatic stellate cell -> inconclusive_underpowered (N*=1, cross=0.8306, floor_q=0.6965)
2026-06-17 14:01:41,221 | INFO |   cardiac muscle cell vs hepatoblast -> inconclusive_underpowered (N*=8, cross=0.7479, floor_q=0.3105)
2026-06-17 14:01:41,221 | INFO |   cardiac muscle cell vs innate lymphoid cell -> inconclusive_underpowered (N*=12, cross=0.7838, floor_q=0.2419)
2026-06-17 14:01:41,221 | INFO |   cardiac muscle cell vs intestinal epithelial cell -> inconclusive_underpowered (N*=114, cross=0.8881, floor_q=0.09438)
2026-06-17 14:01:41,221 | INFO |   cardiac muscle cell vs macrophage -> inconclusive_underpowered (N*=17, cross=1.143, floor_q=0.2147)
2026-06-17 14:01:41,221 | INFO |   cardiac muscle cell vs megakaryocyte -> inconclusive_underpowered (N*=5, cross=0.6778, floor_q=0.3817)
2026-06-17 14:01:41,221 | INFO |   cardiac muscle cell vs myeloid cell -> inconclusive_underpowered (N*=6, cross=0.8733, floor_q=0.3598)
2026-06-17 14:01:41,221 | INFO |   cardiac muscle cell vs smooth muscle cell -> inconclusive_underpowered (N*=25, cross=0.738, floor_q=0.1932)
2026-06-17 14:01:41,221 | INFO |   cardiac muscle cell vs stromal cell -> inconclusive_underpowered (N*=459, cross=0.7436, floor_q=0.04297)
2026-06-17 14:01:41,221 | INFO |   cell of skeletal muscle vs cortical cell of adrenal gland -> real_difference (N*=30629, cross=0.7794, floor_q=0.007384)
2026-06-17 14:01:41,221 | INFO |   cell of skeletal muscle vs endothelial cell of vascular tree -> inconclusive_underpowered (N*=473, cross=0.6288, floor_q=0.05164)
2026-06-17 14:01:41,221 | INFO |   cell of skeletal muscle vs epithelial cell of lower respiratory tract -> inconclusive_underpowered (N*=1967, cross=0.56, floor_q=0.0246)
2026-06-17 14:01:41,222 | INFO |   cell of skeletal muscle vs erythroblast -> inconclusive_underpowered (N*=1856, cross=0.3047, floor_q=0.02787)
2026-06-17 14:01:41,222 | INFO |   cell of skeletal muscle vs erythrocyte -> inconclusive_underpowered (N*=2, cross=0.7679, floor_q=0.64)
2026-06-17 14:01:41,222 | INFO |   cell of skeletal muscle vs fibroblast -> real_difference (N*=6349, cross=0.9611, floor_q=0.0148)
2026-06-17 14:01:41,222 | INFO |   cell of skeletal muscle vs hepatic stellate cell -> inconclusive_underpowered (N*=1, cross=0.8579, floor_q=0.9343)
2026-06-17 14:01:41,222 | INFO |   cell of skeletal muscle vs hepatoblast -> inconclusive_underpowered (N*=8, cross=0.6806, floor_q=0.3474)
2026-06-17 14:01:41,222 | INFO |   cell of skeletal muscle vs innate lymphoid cell -> inconclusive_underpowered (N*=12, cross=0.6389, floor_q=0.3011)
2026-06-17 14:01:41,222 | INFO |   cell of skeletal muscle vs intestinal epithelial cell -> inconclusive_underpowered (N*=114, cross=0.7822, floor_q=0.1006)
2026-06-17 14:01:41,222 | INFO |   cell of skeletal muscle vs macrophage -> inconclusive_underpowered (N*=17, cross=1.075, floor_q=0.26)
2026-06-17 14:01:41,222 | INFO |   cell of skeletal muscle vs megakaryocyte -> inconclusive_underpowered (N*=5, cross=0.6124, floor_q=0.4088)
2026-06-17 14:01:41,222 | INFO |   cell of skeletal muscle vs myeloid cell -> inconclusive_underpowered (N*=6, cross=0.8232, floor_q=0.3895)
2026-06-17 14:01:41,222 | INFO |   cell of skeletal muscle vs smooth muscle cell -> inconclusive_underpowered (N*=25, cross=0.6895, floor_q=0.2165)
2026-06-17 14:01:41,222 | INFO |   cell of skeletal muscle vs stromal cell -> inconclusive_underpowered (N*=459, cross=0.702, floor_q=0.05248)
2026-06-17 14:01:41,222 | INFO |   cortical cell of adrenal gland vs endothelial cell of vascular tree -> inconclusive_underpowered (N*=473, cross=0.4295, floor_q=0.05099)
2026-06-17 14:01:41,222 | INFO |   cortical cell of adrenal gland vs epithelial cell of lower respiratory tract -> inconclusive_underpowered (N*=1967, cross=0.581, floor_q=0.02591)
2026-06-17 14:01:41,222 | INFO |   cortical cell of adrenal gland vs erythroblast -> inconclusive_underpowered (N*=1856, cross=0.762, floor_q=0.02969)
2026-06-17 14:01:41,222 | INFO |   cortical cell of adrenal gland vs erythrocyte -> inconclusive_underpowered (N*=2, cross=0.9366, floor_q=0.6353)
2026-06-17 14:01:41,222 | INFO |   cortical cell of adrenal gland vs fibroblast -> real_difference (N*=6349, cross=0.9634, floor_q=0.01461)
2026-06-17 14:01:41,222 | INFO |   cortical cell of adrenal gland vs hepatic stellate cell -> inconclusive_underpowered (N*=1, cross=0.8625, floor_q=0.8943)
2026-06-17 14:01:41,222 | INFO |   cortical cell of adrenal gland vs hepatoblast -> inconclusive_underpowered (N*=8, cross=0.7253, floor_q=0.3856)
2026-06-17 14:01:41,222 | INFO |   cortical cell of adrenal gland vs innate lymphoid cell -> inconclusive_underpowered (N*=12, cross=0.7163, floor_q=0.3331)
2026-06-17 14:01:41,222 | INFO |   cortical cell of adrenal gland vs intestinal epithelial cell -> inconclusive_underpowered (N*=114, cross=0.5, floor_q=0.1108)
2026-06-17 14:01:41,222 | INFO |   cortical cell of adrenal gland vs macrophage -> inconclusive_underpowered (N*=17, cross=1.143, floor_q=0.2748)
2026-06-17 14:01:41,222 | INFO |   cortical cell of adrenal gland vs megakaryocyte -> inconclusive_underpowered (N*=5, cross=0.7624, floor_q=0.4486)
2026-06-17 14:01:41,222 | INFO |   cortical cell of adrenal gland vs myeloid cell -> inconclusive_underpowered (N*=6, cross=0.8525, floor_q=0.4612)
2026-06-17 14:01:41,222 | INFO |   cortical cell of adrenal gland vs smooth muscle cell -> inconclusive_underpowered (N*=25, cross=0.7622, floor_q=0.2114)
2026-06-17 14:01:41,222 | INFO |   cortical cell of adrenal gland vs stromal cell -> inconclusive_underpowered (N*=459, cross=0.5664, floor_q=0.05906)
2026-06-17 14:01:41,222 | INFO |   endothelial cell of vascular tree vs epithelial cell of lower respiratory tract -> inconclusive_underpowered (N*=473, cross=0.3942, floor_q=0.04871)
2026-06-17 14:01:41,222 | INFO |   endothelial cell of vascular tree vs erythroblast -> inconclusive_underpowered (N*=473, cross=0.6402, floor_q=0.04695)
2026-06-17 14:01:41,222 | INFO |   endothelial cell of vascular tree vs erythrocyte -> inconclusive_underpowered (N*=2, cross=0.8464, floor_q=0.711)
2026-06-17 14:01:41,222 | INFO |   endothelial cell of vascular tree vs fibroblast -> inconclusive_underpowered (N*=473, cross=0.6474, floor_q=0.05405)
2026-06-17 14:01:41,222 | INFO |   endothelial cell of vascular tree vs hepatic stellate cell -> inconclusive_underpowered (N*=1, cross=0.7367, floor_q=1.014)
2026-06-17 14:01:41,222 | INFO |   endothelial cell of vascular tree vs hepatoblast -> inconclusive_underpowered (N*=8, cross=0.5062, floor_q=0.408)
2026-06-17 14:01:41,222 | INFO |   endothelial cell of vascular tree vs innate lymphoid cell -> inconclusive_underpowered (N*=12, cross=0.5257, floor_q=0.338)
2026-06-17 14:01:41,222 | INFO |   endothelial cell of vascular tree vs intestinal epithelial cell -> inconclusive_underpowered (N*=114, cross=0.4816, floor_q=0.119)
2026-06-17 14:01:41,222 | INFO |   endothelial cell of vascular tree vs macrophage -> inconclusive_underpowered (N*=17, cross=0.9056, floor_q=0.2923)
2026-06-17 14:01:41,222 | INFO |   endothelial cell of vascular tree vs megakaryocyte -> inconclusive_underpowered (N*=5, cross=0.6125, floor_q=0.5653)
2026-06-17 14:01:41,222 | INFO |   endothelial cell of vascular tree vs myeloid cell -> inconclusive_underpowered (N*=6, cross=0.6098, floor_q=0.4588)
2026-06-17 14:01:41,222 | INFO |   endothelial cell of vascular tree vs smooth muscle cell -> inconclusive_underpowered (N*=25, cross=0.4563, floor_q=0.2686)
2026-06-17 14:01:41,222 | INFO |   endothelial cell of vascular tree vs stromal cell -> inconclusive_underpowered (N*=459, cross=0.2719, floor_q=0.08978)
2026-06-17 14:01:41,222 | INFO |   epithelial cell of lower respiratory tract vs erythroblast -> inconclusive_underpowered (N*=1856, cross=0.6339, floor_q=0.03619)
2026-06-17 14:01:41,222 | INFO |   epithelial cell of lower respiratory tract vs erythrocyte -> inconclusive_underpowered (N*=2, cross=0.6726, floor_q=0.6551)
2026-06-17 14:01:41,222 | INFO |   epithelial cell of lower respiratory tract vs fibroblast -> inconclusive_underpowered (N*=1967, cross=0.7329, floor_q=0.02747)
2026-06-17 14:01:41,222 | INFO |   epithelial cell of lower respiratory tract vs hepatic stellate cell -> inconclusive_underpowered (N*=1, cross=0.6683, floor_q=0.8113)
2026-06-17 14:01:41,222 | INFO |   epithelial cell of lower respiratory tract vs hepatoblast -> inconclusive_underpowered (N*=8, cross=0.5255, floor_q=0.3413)
2026-06-17 14:01:41,222 | INFO |   epithelial cell of lower respiratory tract vs innate lymphoid cell -> inconclusive_underpowered (N*=12, cross=0.4428, floor_q=0.2767)
2026-06-17 14:01:41,222 | INFO |   epithelial cell of lower respiratory tract vs intestinal epithelial cell -> inconclusive_underpowered (N*=114, cross=0.4902, floor_q=0.0985)
2026-06-17 14:01:41,222 | INFO |   epithelial cell of lower respiratory tract vs macrophage -> inconclusive_underpowered (N*=17, cross=0.9634, floor_q=0.2585)
2026-06-17 14:01:41,222 | INFO |   epithelial cell of lower respiratory tract vs megakaryocyte -> inconclusive_underpowered (N*=5, cross=0.5965, floor_q=0.4655)
2026-06-17 14:01:41,223 | INFO |   epithelial cell of lower respiratory tract vs myeloid cell -> inconclusive_underpowered (N*=6, cross=0.6626, floor_q=0.4179)
2026-06-17 14:01:41,223 | INFO |   epithelial cell of lower respiratory tract vs smooth muscle cell -> inconclusive_underpowered (N*=25, cross=0.5061, floor_q=0.2115)
2026-06-17 14:01:41,223 | INFO |   epithelial cell of lower respiratory tract vs stromal cell -> inconclusive_underpowered (N*=459, cross=0.4496, floor_q=0.05175)
2026-06-17 14:01:41,223 | INFO |   erythroblast vs erythrocyte -> inconclusive_underpowered (N*=2, cross=0.831, floor_q=0.609)
2026-06-17 14:01:41,223 | INFO |   erythroblast vs fibroblast -> inconclusive_underpowered (N*=1856, cross=0.9955, floor_q=0.02823)
2026-06-17 14:01:41,223 | INFO |   erythroblast vs hepatic stellate cell -> inconclusive_underpowered (N*=1, cross=0.8755, floor_q=0.775)
2026-06-17 14:01:41,223 | INFO |   erythroblast vs hepatoblast -> inconclusive_underpowered (N*=8, cross=0.7241, floor_q=0.3039)
2026-06-17 14:01:41,223 | INFO |   erythroblast vs innate lymphoid cell -> inconclusive_underpowered (N*=12, cross=0.7117, floor_q=0.2642)
2026-06-17 14:01:41,223 | INFO |   erythroblast vs intestinal epithelial cell -> inconclusive_underpowered (N*=114, cross=0.8122, floor_q=0.09829)
2026-06-17 14:01:41,223 | INFO |   erythroblast vs macrophage -> inconclusive_underpowered (N*=17, cross=1.157, floor_q=0.2463)
2026-06-17 14:01:41,223 | INFO |   erythroblast vs megakaryocyte -> inconclusive_underpowered (N*=5, cross=0.6472, floor_q=0.4066)
2026-06-17 14:01:41,223 | INFO |   erythroblast vs myeloid cell -> inconclusive_underpowered (N*=6, cross=0.8825, floor_q=0.4005)
2026-06-17 14:01:41,223 | INFO |   erythroblast vs smooth muscle cell -> inconclusive_underpowered (N*=25, cross=0.7142, floor_q=0.1855)
2026-06-17 14:01:41,223 | INFO |   erythroblast vs stromal cell -> inconclusive_underpowered (N*=459, cross=0.7188, floor_q=0.04521)
2026-06-17 14:01:41,223 | INFO |   erythrocyte vs fibroblast -> inconclusive_underpowered (N*=2, cross=0.9599, floor_q=0.7616)
2026-06-17 14:01:41,223 | INFO |   erythrocyte vs hepatic stellate cell -> inconclusive_underpowered (N*=1, cross=0.9208, floor_q=0.795)
2026-06-17 14:01:41,223 | INFO |   erythrocyte vs hepatoblast -> inconclusive_underpowered (N*=2, cross=0.7801, floor_q=0.8944)
2026-06-17 14:01:41,223 | INFO |   erythrocyte vs innate lymphoid cell -> inconclusive_underpowered (N*=2, cross=0.7134, floor_q=0.5877)
2026-06-17 14:01:41,223 | INFO |   erythrocyte vs intestinal epithelial cell -> inconclusive_underpowered (N*=2, cross=0.8259, floor_q=0.709)
2026-06-17 14:01:41,223 | INFO |   erythrocyte vs macrophage -> inconclusive_underpowered (N*=2, cross=0.9686, floor_q=0.4441)
2026-06-17 14:01:41,223 | INFO |   erythrocyte vs megakaryocyte -> inconclusive_underpowered (N*=2, cross=0.6509, floor_q=0.6118)
2026-06-17 14:01:41,223 | INFO |   erythrocyte vs myeloid cell -> inconclusive_underpowered (N*=2, cross=0.8492, floor_q=0.9194)
2026-06-17 14:01:41,223 | INFO |   erythrocyte vs smooth muscle cell -> inconclusive_underpowered (N*=2, cross=0.8098, floor_q=0.6791)
2026-06-17 14:01:41,223 | INFO |   erythrocyte vs stromal cell -> inconclusive_underpowered (N*=2, cross=0.9044, floor_q=0.6926)
2026-06-17 14:01:41,223 | INFO |   fibroblast vs hepatic stellate cell -> inconclusive_underpowered (N*=1, cross=0.9495, floor_q=0.9803)
2026-06-17 14:01:41,223 | INFO |   fibroblast vs hepatoblast -> inconclusive_underpowered (N*=8, cross=0.6321, floor_q=0.4401)
2026-06-17 14:01:41,223 | INFO |   fibroblast vs innate lymphoid cell -> inconclusive_underpowered (N*=12, cross=0.7719, floor_q=0.3579)
2026-06-17 14:01:41,223 | INFO |   fibroblast vs intestinal epithelial cell -> inconclusive_underpowered (N*=114, cross=0.861, floor_q=0.1208)
2026-06-17 14:01:41,223 | INFO |   fibroblast vs macrophage -> inconclusive_underpowered (N*=17, cross=0.5754, floor_q=0.2953)
2026-06-17 14:01:41,223 | INFO |   fibroblast vs megakaryocyte -> inconclusive_underpowered (N*=5, cross=0.7718, floor_q=0.5652)
2026-06-17 14:01:41,223 | INFO |   fibroblast vs myeloid cell -> inconclusive_underpowered (N*=6, cross=0.5883, floor_q=0.5871)
2026-06-17 14:01:41,223 | INFO |   fibroblast vs smooth muscle cell -> inconclusive_underpowered (N*=25, cross=0.5144, floor_q=0.2521)
2026-06-17 14:01:41,223 | INFO |   fibroblast vs stromal cell -> inconclusive_underpowered (N*=459, cross=0.6089, floor_q=0.05479)
2026-06-17 14:01:41,223 | INFO |   hepatic stellate cell vs hepatoblast -> inconclusive_underpowered (N*=1, cross=0.7462, floor_q=1.122)
2026-06-17 14:01:41,223 | INFO |   hepatic stellate cell vs innate lymphoid cell -> inconclusive_underpowered (N*=1, cross=0.6673, floor_q=0.7622)
2026-06-17 14:01:41,223 | INFO |   hepatic stellate cell vs intestinal epithelial cell -> inconclusive_underpowered (N*=1, cross=0.7631, floor_q=1.008)
2026-06-17 14:01:41,223 | INFO |   hepatic stellate cell vs macrophage -> inconclusive_underpowered (N*=1, cross=1.158, floor_q=0.695)
2026-06-17 14:01:41,223 | INFO |   hepatic stellate cell vs megakaryocyte -> inconclusive_underpowered (N*=1, cross=0.7205, floor_q=0.7964)
2026-06-17 14:01:41,223 | INFO |   hepatic stellate cell vs myeloid cell -> inconclusive_underpowered (N*=1, cross=0.8303, floor_q=1.197)
2026-06-17 14:01:41,223 | INFO |   hepatic stellate cell vs smooth muscle cell -> inconclusive_underpowered (N*=1, cross=0.7015, floor_q=1.013)
2026-06-17 14:01:41,223 | INFO |   hepatic stellate cell vs stromal cell -> inconclusive_underpowered (N*=1, cross=0.6498, floor_q=0.8558)
2026-06-17 14:01:41,223 | INFO |   hepatoblast vs innate lymphoid cell -> inconclusive_underpowered (N*=8, cross=0.5689, floor_q=0.4028)
2026-06-17 14:01:41,223 | INFO |   hepatoblast vs intestinal epithelial cell -> inconclusive_underpowered (N*=8, cross=0.626, floor_q=0.4164)
2026-06-17 14:01:41,223 | INFO |   hepatoblast vs macrophage -> inconclusive_underpowered (N*=8, cross=0.7656, floor_q=0.2538)
2026-06-17 14:01:41,223 | INFO |   hepatoblast vs megakaryocyte -> inconclusive_underpowered (N*=5, cross=0.5269, floor_q=0.5742)
2026-06-17 14:01:41,223 | INFO |   hepatoblast vs myeloid cell -> inconclusive_underpowered (N*=6, cross=0.5334, floor_q=0.6679)
2026-06-17 14:01:41,223 | INFO |   hepatoblast vs smooth muscle cell -> inconclusive_underpowered (N*=8, cross=0.5441, floor_q=0.3722)
2026-06-17 14:01:41,223 | INFO |   hepatoblast vs stromal cell -> inconclusive_underpowered (N*=8, cross=0.4937, floor_q=0.3967)
2026-06-17 14:01:41,223 | INFO |   innate lymphoid cell vs intestinal epithelial cell -> inconclusive_underpowered (N*=12, cross=0.5766, floor_q=0.3891)
2026-06-17 14:01:41,224 | INFO |   innate lymphoid cell vs macrophage -> inconclusive_underpowered (N*=12, cross=0.9234, floor_q=0.2645)
2026-06-17 14:01:41,224 | INFO |   innate lymphoid cell vs megakaryocyte -> inconclusive_underpowered (N*=5, cross=0.5826, floor_q=0.3899)
2026-06-17 14:01:41,224 | INFO |   innate lymphoid cell vs myeloid cell -> inconclusive_underpowered (N*=6, cross=0.6584, floor_q=0.3788)
2026-06-17 14:01:41,224 | INFO |   innate lymphoid cell vs smooth muscle cell -> inconclusive_underpowered (N*=12, cross=0.4971, floor_q=0.3149)
2026-06-17 14:01:41,224 | INFO |   innate lymphoid cell vs stromal cell -> inconclusive_underpowered (N*=12, cross=0.5292, floor_q=0.3053)
2026-06-17 14:01:41,224 | INFO |   intestinal epithelial cell vs macrophage -> inconclusive_underpowered (N*=17, cross=1.033, floor_q=0.3019)
2026-06-17 14:01:41,224 | INFO |   intestinal epithelial cell vs megakaryocyte -> inconclusive_underpowered (N*=5, cross=0.6802, floor_q=0.5639)
2026-06-17 14:01:41,224 | INFO |   intestinal epithelial cell vs myeloid cell -> inconclusive_underpowered (N*=6, cross=0.7271, floor_q=0.5026)
2026-06-17 14:01:41,224 | INFO |   intestinal epithelial cell vs smooth muscle cell -> inconclusive_underpowered (N*=25, cross=0.659, floor_q=0.2539)
2026-06-17 14:01:41,224 | INFO |   intestinal epithelial cell vs stromal cell -> inconclusive_underpowered (N*=114, cross=0.5116, floor_q=0.1071)
2026-06-17 14:01:41,224 | INFO |   macrophage vs megakaryocyte -> inconclusive_underpowered (N*=5, cross=0.7834, floor_q=0.3094)
2026-06-17 14:01:41,224 | INFO |   macrophage vs myeloid cell -> inconclusive_underpowered (N*=6, cross=0.5188, floor_q=0.2792)
2026-06-17 14:01:41,224 | INFO |   macrophage vs smooth muscle cell -> inconclusive_underpowered (N*=17, cross=0.8146, floor_q=0.3218)
2026-06-17 14:01:41,224 | INFO |   macrophage vs stromal cell -> inconclusive_underpowered (N*=17, cross=0.8796, floor_q=0.2844)
2026-06-17 14:01:41,224 | INFO |   megakaryocyte vs myeloid cell -> inconclusive_underpowered (N*=5, cross=0.5521, floor_q=0.8732)
2026-06-17 14:01:41,224 | INFO |   megakaryocyte vs smooth muscle cell -> inconclusive_underpowered (N*=5, cross=0.5524, floor_q=0.428)
2026-06-17 14:01:41,224 | INFO |   megakaryocyte vs stromal cell -> inconclusive_underpowered (N*=5, cross=0.6287, floor_q=0.4367)
2026-06-17 14:01:41,224 | INFO |   myeloid cell vs smooth muscle cell -> inconclusive_underpowered (N*=6, cross=0.59, floor_q=0.4683)
2026-06-17 14:01:41,224 | INFO |   myeloid cell vs stromal cell -> inconclusive_underpowered (N*=6, cross=0.5814, floor_q=0.4238)
2026-06-17 14:01:41,224 | INFO |   smooth muscle cell vs stromal cell -> inconclusive_underpowered (N*=25, cross=0.4457, floor_q=0.2368)
